Archive member included to satisfy reference by file (symbol)

c:/st/stm32cubeide_1.0.2/stm32cubeide/plugins/com.st.stm32cube.ide.mcu.externaltools.gnu-tools-for-stm32.7-2018-q2-update.win32_1.0.0.201904181610/tools/bin/../lib/gcc/arm-none-eabi/7.3.1/../../../../arm-none-eabi/lib/thumb/v7-m\libc_nano.a(lib_a-errno.o)
                              Core/Src/syscalls.o (__errno)
c:/st/stm32cubeide_1.0.2/stm32cubeide/plugins/com.st.stm32cube.ide.mcu.externaltools.gnu-tools-for-stm32.7-2018-q2-update.win32_1.0.0.201904181610/tools/bin/../lib/gcc/arm-none-eabi/7.3.1/../../../../arm-none-eabi/lib/thumb/v7-m\libc_nano.a(lib_a-exit.o)
                              c:/st/stm32cubeide_1.0.2/stm32cubeide/plugins/com.st.stm32cube.ide.mcu.externaltools.gnu-tools-for-stm32.7-2018-q2-update.win32_1.0.0.201904181610/tools/bin/../lib/gcc/arm-none-eabi/7.3.1/../../../../arm-none-eabi/lib/thumb/v7-m/crt0.o (exit)
c:/st/stm32cubeide_1.0.2/stm32cubeide/plugins/com.st.stm32cube.ide.mcu.externaltools.gnu-tools-for-stm32.7-2018-q2-update.win32_1.0.0.201904181610/tools/bin/../lib/gcc/arm-none-eabi/7.3.1/../../../../arm-none-eabi/lib/thumb/v7-m\libc_nano.a(lib_a-impure.o)
                              c:/st/stm32cubeide_1.0.2/stm32cubeide/plugins/com.st.stm32cube.ide.mcu.externaltools.gnu-tools-for-stm32.7-2018-q2-update.win32_1.0.0.201904181610/tools/bin/../lib/gcc/arm-none-eabi/7.3.1/../../../../arm-none-eabi/lib/thumb/v7-m\libc_nano.a(lib_a-exit.o) (_global_impure_ptr)
c:/st/stm32cubeide_1.0.2/stm32cubeide/plugins/com.st.stm32cube.ide.mcu.externaltools.gnu-tools-for-stm32.7-2018-q2-update.win32_1.0.0.201904181610/tools/bin/../lib/gcc/arm-none-eabi/7.3.1/../../../../arm-none-eabi/lib/thumb/v7-m\libc_nano.a(lib_a-init.o)
                              c:/st/stm32cubeide_1.0.2/stm32cubeide/plugins/com.st.stm32cube.ide.mcu.externaltools.gnu-tools-for-stm32.7-2018-q2-update.win32_1.0.0.201904181610/tools/bin/../lib/gcc/arm-none-eabi/7.3.1/../../../../arm-none-eabi/lib/thumb/v7-m/crt0.o (__libc_init_array)
c:/st/stm32cubeide_1.0.2/stm32cubeide/plugins/com.st.stm32cube.ide.mcu.externaltools.gnu-tools-for-stm32.7-2018-q2-update.win32_1.0.0.201904181610/tools/bin/../lib/gcc/arm-none-eabi/7.3.1/../../../../arm-none-eabi/lib/thumb/v7-m\libc_nano.a(lib_a-memset.o)
                              c:/st/stm32cubeide_1.0.2/stm32cubeide/plugins/com.st.stm32cube.ide.mcu.externaltools.gnu-tools-for-stm32.7-2018-q2-update.win32_1.0.0.201904181610/tools/bin/../lib/gcc/arm-none-eabi/7.3.1/../../../../arm-none-eabi/lib/thumb/v7-m/crt0.o (memset)

Allocating common symbols
Common symbol       size              file

uwTick              0x4               Drivers/STM32L1xx_HAL_Driver/Src/stm32l1xx_hal.o
pFlash              0x18              Drivers/STM32L1xx_HAL_Driver/Src/stm32l1xx_hal_flash.o
adcValue            0x2               Core/Src/main.o
hadc                0x54              Core/Src/main.o

Discarded input sections

 .text          0x0000000000000000        0x0 c:/st/stm32cubeide_1.0.2/stm32cubeide/plugins/com.st.stm32cube.ide.mcu.externaltools.gnu-tools-for-stm32.7-2018-q2-update.win32_1.0.0.201904181610/tools/bin/../lib/gcc/arm-none-eabi/7.3.1/thumb/v7-m/crti.o
 .data          0x0000000000000000        0x0 c:/st/stm32cubeide_1.0.2/stm32cubeide/plugins/com.st.stm32cube.ide.mcu.externaltools.gnu-tools-for-stm32.7-2018-q2-update.win32_1.0.0.201904181610/tools/bin/../lib/gcc/arm-none-eabi/7.3.1/thumb/v7-m/crti.o
 .bss           0x0000000000000000        0x0 c:/st/stm32cubeide_1.0.2/stm32cubeide/plugins/com.st.stm32cube.ide.mcu.externaltools.gnu-tools-for-stm32.7-2018-q2-update.win32_1.0.0.201904181610/tools/bin/../lib/gcc/arm-none-eabi/7.3.1/thumb/v7-m/crti.o
 .data          0x0000000000000000        0x4 c:/st/stm32cubeide_1.0.2/stm32cubeide/plugins/com.st.stm32cube.ide.mcu.externaltools.gnu-tools-for-stm32.7-2018-q2-update.win32_1.0.0.201904181610/tools/bin/../lib/gcc/arm-none-eabi/7.3.1/thumb/v7-m/crtbegin.o
 .text          0x0000000000000000       0x74 c:/st/stm32cubeide_1.0.2/stm32cubeide/plugins/com.st.stm32cube.ide.mcu.externaltools.gnu-tools-for-stm32.7-2018-q2-update.win32_1.0.0.201904181610/tools/bin/../lib/gcc/arm-none-eabi/7.3.1/../../../../arm-none-eabi/lib/thumb/v7-m/crt0.o
 .data          0x0000000000000000        0x0 c:/st/stm32cubeide_1.0.2/stm32cubeide/plugins/com.st.stm32cube.ide.mcu.externaltools.gnu-tools-for-stm32.7-2018-q2-update.win32_1.0.0.201904181610/tools/bin/../lib/gcc/arm-none-eabi/7.3.1/../../../../arm-none-eabi/lib/thumb/v7-m/crt0.o
 .bss           0x0000000000000000        0x0 c:/st/stm32cubeide_1.0.2/stm32cubeide/plugins/com.st.stm32cube.ide.mcu.externaltools.gnu-tools-for-stm32.7-2018-q2-update.win32_1.0.0.201904181610/tools/bin/../lib/gcc/arm-none-eabi/7.3.1/../../../../arm-none-eabi/lib/thumb/v7-m/crt0.o
[...]
Memory Configuration

Name             Origin             Length             Attributes
RAM              0x0000000020000000 0x0000000000002800 xrw
FLASH            0x0000000008000000 0x0000000000008000 xr
*default*        0x0000000000000000 0xffffffffffffffff

Linker script and memory map

LOAD c:/st/stm32cubeide_1.0.2/stm32cubeide/plugins/com.st.stm32cube.ide.mcu.externaltools.gnu-tools-for-stm32.7-2018-q2-update.win32_1.0.0.201904181610/tools/bin/../lib/gcc/arm-none-eabi/7.3.1/thumb/v7-m/crti.o
LOAD c:/st/stm32cubeide_1.0.2/stm32cubeide/plugins/com.st.stm32cube.ide.mcu.externaltools.gnu-tools-for-stm32.7-2018-q2-update.win32_1.0.0.201904181610/tools/bin/../lib/gcc/arm-none-eabi/7.3.1/thumb/v7-m/crtbegin.o
LOAD c:/st/stm32cubeide_1.0.2/stm32cubeide/plugins/com.st.stm32cube.ide.mcu.externaltools.gnu-tools-for-stm32.7-2018-q2-update.win32_1.0.0.201904181610/tools/bin/../lib/gcc/arm-none-eabi/7.3.1/../../../../arm-none-eabi/lib/thumb/v7-m/crt0.o
LOAD Core/Src/main.o
LOAD Core/Src/stm32l1xx_hal_msp.o
LOAD Core/Src/stm32l1xx_it.o
LOAD Core/Src/syscalls.o
LOAD Core/Src/sysmem.o
LOAD Core/Src/system_stm32l1xx.o
LOAD Core/Startup/startup_stm32l151c6ux.o
LOAD Drivers/STM32L1xx_HAL_Driver/Src/stm32l1xx_hal.o
LOAD Drivers/STM32L1xx_HAL_Driver/Src/stm32l1xx_hal_adc.o
LOAD Drivers/STM32L1xx_HAL_Driver/Src/stm32l1xx_hal_adc_ex.o
LOAD Drivers/STM32L1xx_HAL_Driver/Src/stm32l1xx_hal_cortex.o
LOAD Drivers/STM32L1xx_HAL_Driver/Src/stm32l1xx_hal_dma.o
LOAD Drivers/STM32L1xx_HAL_Driver/Src/stm32l1xx_hal_flash.o
LOAD Drivers/STM32L1xx_HAL_Driver/Src/stm32l1xx_hal_flash_ex.o
LOAD Drivers/STM32L1xx_HAL_Driver/Src/stm32l1xx_hal_flash_ramfunc.o
LOAD Drivers/STM32L1xx_HAL_Driver/Src/stm32l1xx_hal_gpio.o
LOAD Drivers/STM32L1xx_HAL_Driver/Src/stm32l1xx_hal_pwr.o
LOAD Drivers/STM32L1xx_HAL_Driver/Src/stm32l1xx_hal_pwr_ex.o
LOAD Drivers/STM32L1xx_HAL_Driver/Src/stm32l1xx_hal_rcc.o
LOAD Drivers/STM32L1xx_HAL_Driver/Src/stm32l1xx_hal_rcc_ex.o
LOAD Drivers/STM32L1xx_HAL_Driver/Src/stm32l1xx_hal_tim.o
LOAD Drivers/STM32L1xx_HAL_Driver/Src/stm32l1xx_hal_tim_ex.o
START GROUP
LOAD c:/st/stm32cubeide_1.0.2/stm32cubeide/plugins/com.st.stm32cube.ide.mcu.externaltools.gnu-tools-for-stm32.7-2018-q2-update.win32_1.0.0.201904181610/tools/bin/../lib/gcc/arm-none-eabi/7.3.1/../../../../arm-none-eabi/lib/thumb/v7-m\libc_nano.a
LOAD c:/st/stm32cubeide_1.0.2/stm32cubeide/plugins/com.st.stm32cube.ide.mcu.externaltools.gnu-tools-for-stm32.7-2018-q2-update.win32_1.0.0.201904181610/tools/bin/../lib/gcc/arm-none-eabi/7.3.1/../../../../arm-none-eabi/lib/thumb/v7-m\libm.a
END GROUP
START GROUP
LOAD c:/st/stm32cubeide_1.0.2/stm32cubeide/plugins/com.st.stm32cube.ide.mcu.externaltools.gnu-tools-for-stm32.7-2018-q2-update.win32_1.0.0.201904181610/tools/bin/../lib/gcc/arm-none-eabi/7.3.1/thumb/v7-m\libgcc.a
LOAD c:/st/stm32cubeide_1.0.2/stm32cubeide/plugins/com.st.stm32cube.ide.mcu.externaltools.gnu-tools-for-stm32.7-2018-q2-update.win32_1.0.0.201904181610/tools/bin/../lib/gcc/arm-none-eabi/7.3.1/../../../../arm-none-eabi/lib/thumb/v7-m\libc_nano.a
END GROUP
START GROUP
LOAD c:/st/stm32cubeide_1.0.2/stm32cubeide/plugins/com.st.stm32cube.ide.mcu.externaltools.gnu-tools-for-stm32.7-2018-q2-update.win32_1.0.0.201904181610/tools/bin/../lib/gcc/arm-none-eabi/7.3.1/thumb/v7-m\libgcc.a
LOAD c:/st/stm32cubeide_1.0.2/stm32cubeide/plugins/com.st.stm32cube.ide.mcu.externaltools.gnu-tools-for-stm32.7-2018-q2-update.win32_1.0.0.201904181610/tools/bin/../lib/gcc/arm-none-eabi/7.3.1/../../../../arm-none-eabi/lib/thumb/v7-m\libc_nano.a
LOAD c:/st/stm32cubeide_1.0.2/stm32cubeide/plugins/com.st.stm32cube.ide.mcu.externaltools.gnu-tools-for-stm32.7-2018-q2-update.win32_1.0.0.201904181610/tools/bin/../lib/gcc/arm-none-eabi/7.3.1/../../../../arm-none-eabi/lib/thumb/v7-m\libnosys.a
END GROUP
START GROUP
LOAD c:/st/stm32cubeide_1.0.2/stm32cubeide/plugins/com.st.stm32cube.ide.mcu.externaltools.gnu-tools-for-stm32.7-2018-q2-update.win32_1.0.0.201904181610/tools/bin/../lib/gcc/arm-none-eabi/7.3.1/thumb/v7-m\libgcc.a
LOAD c:/st/stm32cubeide_1.0.2/stm32cubeide/plugins/com.st.stm32cube.ide.mcu.externaltools.gnu-tools-for-stm32.7-2018-q2-update.win32_1.0.0.201904181610/tools/bin/../lib/gcc/arm-none-eabi/7.3.1/../../../../arm-none-eabi/lib/thumb/v7-m\libc_nano.a
LOAD c:/st/stm32cubeide_1.0.2/stm32cubeide/plugins/com.st.stm32cube.ide.mcu.externaltools.gnu-tools-for-stm32.7-2018-q2-update.win32_1.0.0.201904181610/tools/bin/../lib/gcc/arm-none-eabi/7.3.1/../../../../arm-none-eabi/lib/thumb/v7-m\libnosys.a
END GROUP
LOAD c:/st/stm32cubeide_1.0.2/stm32cubeide/plugins/com.st.stm32cube.ide.mcu.externaltools.gnu-tools-for-stm32.7-2018-q2-update.win32_1.0.0.201904181610/tools/bin/../lib/gcc/arm-none-eabi/7.3.1/thumb/v7-m/crtend.o
LOAD c:/st/stm32cubeide_1.0.2/stm32cubeide/plugins/com.st.stm32cube.ide.mcu.externaltools.gnu-tools-for-stm32.7-2018-q2-update.win32_1.0.0.201904181610/tools/bin/../lib/gcc/arm-none-eabi/7.3.1/thumb/v7-m/crtn.o
                0x0000000020002800                _estack = (ORIGIN (RAM) + LENGTH (RAM))
                0x0000000000000200                _Min_Heap_Size = 0x200
                0x0000000000000400                _Min_Stack_Size = 0x400

.isr_vector     0x0000000008000000      0x13c
                0x0000000008000000                . = ALIGN (0x4)
 *(.isr_vector)
 .isr_vector    0x0000000008000000      0x13c Core/Startup/startup_stm32l151c6ux.o
                0x0000000008000000                g_pfnVectors
                0x000000000800013c                . = ALIGN (0x4)

.text           0x000000000800013c     0x1d34
                0x000000000800013c                . = ALIGN (0x4)
 *(.text)
 .text          0x000000000800013c       0x40 c:/st/stm32cubeide_1.0.2/stm32cubeide/plugins/com.st.stm32cube.ide.mcu.externaltools.gnu-tools-for-stm32.7-2018-q2-update.win32_1.0.0.201904181610/tools/bin/../lib/gcc/arm-none-eabi/7.3.1/thumb/v7-m/crtbegin.o
 *(.text*)
 .text.main     0x000000000800017c       0x90 Core/Src/main.o
                0x000000000800017c                main
 .text.SystemClock_Config
                0x000000000800020c       0x98 Core/Src/main.o
                0x000000000800020c                SystemClock_Config
 .text.MX_ADC_Init
                0x00000000080002a4       0xb0 Core/Src/main.o
 .text.MX_GPIO_Init
                0x0000000008000354       0xac Core/Src/main.o
 .text.Error_Handler
                0x0000000008000400        0xc Core/Src/main.o
                0x0000000008000400                Error_Handler
 .text.HAL_MspInit
                0x000000000800040c       0x5c Core/Src/stm32l1xx_hal_msp.o
                0x000000000800040c                HAL_MspInit
 .text.HAL_ADC_MspInit
                0x0000000008000468       0x80 Core/Src/stm32l1xx_hal_msp.o
                0x0000000008000468                HAL_ADC_MspInit
 .text.NMI_Handler
                0x00000000080004e8        0xc Core/Src/stm32l1xx_it.o
                0x00000000080004e8                NMI_Handler
 .text.HardFault_Handler
                0x00000000080004f4        0x6 Core/Src/stm32l1xx_it.o
                0x00000000080004f4                HardFault_Handler
 .text.MemManage_Handler
                0x00000000080004fa        0x6 Core/Src/stm32l1xx_it.o
                0x00000000080004fa                MemManage_Handler
 .text.BusFault_Handler
                0x0000000008000500        0x6 Core/Src/stm32l1xx_it.o
                0x0000000008000500                BusFault_Handler
 .text.UsageFault_Handler
                0x0000000008000506        0x6 Core/Src/stm32l1xx_it.o
                0x0000000008000506                UsageFault_Handler
 .text.SVC_Handler
                0x000000000800050c        0xc Core/Src/stm32l1xx_it.o
                0x000000000800050c                SVC_Handler
 .text.DebugMon_Handler
                0x0000000008000518        0xc Core/Src/stm32l1xx_it.o
                0x0000000008000518                DebugMon_Handler
 .text.PendSV_Handler
                0x0000000008000524        0xc Core/Src/stm32l1xx_it.o
                0x0000000008000524                PendSV_Handler
 .text.SysTick_Handler
                0x0000000008000530        0xc Core/Src/stm32l1xx_it.o
                0x0000000008000530                SysTick_Handler
 .text.SystemInit
                0x000000000800053c       0x68 Core/Src/system_stm32l1xx.o
                0x000000000800053c                SystemInit
 .text.Reset_Handler
                0x00000000080005a4       0x48 Core/Startup/startup_stm32l151c6ux.o
                0x00000000080005a4                Reset_Handler
 .text.Default_Handler
                0x00000000080005ec        0x2 Core/Startup/startup_stm32l151c6ux.o
                0x00000000080005ec                RTC_Alarm_IRQHandler
                0x00000000080005ec                EXTI2_IRQHandler
                0x00000000080005ec                TIM10_IRQHandler
                0x00000000080005ec                USB_HP_IRQHandler
                0x00000000080005ec                TIM6_IRQHandler
                0x00000000080005ec                PVD_IRQHandler
                0x00000000080005ec                EXTI3_IRQHandler
                0x00000000080005ec                EXTI0_IRQHandler
                0x00000000080005ec                I2C2_EV_IRQHandler
                0x00000000080005ec                SPI1_IRQHandler
                0x00000000080005ec                USB_FS_WKUP_IRQHandler
                0x00000000080005ec                DMA1_Channel4_IRQHandler
                0x00000000080005ec                ADC1_IRQHandler
                0x00000000080005ec                USART3_IRQHandler
                0x00000000080005ec                DMA1_Channel7_IRQHandler
                0x00000000080005ec                TIM4_IRQHandler
                0x00000000080005ec                I2C1_EV_IRQHandler
                0x00000000080005ec                DMA1_Channel6_IRQHandler
                0x00000000080005ec                TIM3_IRQHandler
                0x00000000080005ec                RCC_IRQHandler
                0x00000000080005ec                DMA1_Channel1_IRQHandler
                0x00000000080005ec                Default_Handler
                0x00000000080005ec                EXTI15_10_IRQHandler
                0x00000000080005ec                TIM7_IRQHandler
                0x00000000080005ec                EXTI9_5_IRQHandler
                0x00000000080005ec                TIM9_IRQHandler
                0x00000000080005ec                TAMPER_STAMP_IRQHandler
                0x00000000080005ec                RTC_WKUP_IRQHandler
                0x00000000080005ec                SPI2_IRQHandler
                0x00000000080005ec                DMA1_Channel5_IRQHandler
                0x00000000080005ec                USB_LP_IRQHandler
                0x00000000080005ec                EXTI4_IRQHandler
                0x00000000080005ec                DMA1_Channel3_IRQHandler
                0x00000000080005ec                COMP_IRQHandler
                0x00000000080005ec                WWDG_IRQHandler
                0x00000000080005ec                TIM2_IRQHandler
                0x00000000080005ec                DAC_IRQHandler
                0x00000000080005ec                EXTI1_IRQHandler
                0x00000000080005ec                TIM11_IRQHandler
                0x00000000080005ec                USART2_IRQHandler
                0x00000000080005ec                I2C2_ER_IRQHandler
                0x00000000080005ec                DMA1_Channel2_IRQHandler
                0x00000000080005ec                FLASH_IRQHandler
                0x00000000080005ec                USART1_IRQHandler
                0x00000000080005ec                I2C1_ER_IRQHandler
 .text.HAL_Init
                0x00000000080005ee       0x30 Drivers/STM32L1xx_HAL_Driver/Src/stm32l1xx_hal.o
                0x00000000080005ee                HAL_Init
 *fill*         0x000000000800061e        0x2 
 .text.HAL_InitTick
                0x0000000008000620       0x74 Drivers/STM32L1xx_HAL_Driver/Src/stm32l1xx_hal.o
                0x0000000008000620                HAL_InitTick
 .text.HAL_IncTick
                0x0000000008000694       0x24 Drivers/STM32L1xx_HAL_Driver/Src/stm32l1xx_hal.o
                0x0000000008000694                HAL_IncTick
 .text.HAL_GetTick
                0x00000000080006b8       0x14 Drivers/STM32L1xx_HAL_Driver/Src/stm32l1xx_hal.o
                0x00000000080006b8                HAL_GetTick
 .text.HAL_Delay
                0x00000000080006cc       0x44 Drivers/STM32L1xx_HAL_Driver/Src/stm32l1xx_hal.o
                0x00000000080006cc                HAL_Delay
 .text.HAL_ADC_Init
                0x0000000008000710      0x28c Drivers/STM32L1xx_HAL_Driver/Src/stm32l1xx_hal_adc.o
                0x0000000008000710                HAL_ADC_Init
 .text.HAL_ADC_Start
                0x000000000800099c       0xc0 Drivers/STM32L1xx_HAL_Driver/Src/stm32l1xx_hal_adc.o
                0x000000000800099c                HAL_ADC_Start
 .text.HAL_ADC_PollForConversion
                0x0000000008000a5c      0x112 Drivers/STM32L1xx_HAL_Driver/Src/stm32l1xx_hal_adc.o
                0x0000000008000a5c                HAL_ADC_PollForConversion
 .text.HAL_ADC_GetValue
                0x0000000008000b6e       0x18 Drivers/STM32L1xx_HAL_Driver/Src/stm32l1xx_hal_adc.o
                0x0000000008000b6e                HAL_ADC_GetValue
 *fill*         0x0000000008000b86        0x2 
 .text.HAL_ADC_ConfigChannel
                0x0000000008000b88      0x2a0 Drivers/STM32L1xx_HAL_Driver/Src/stm32l1xx_hal_adc.o
                0x0000000008000b88                HAL_ADC_ConfigChannel
 .text.ADC_Enable
                0x0000000008000e28       0xac Drivers/STM32L1xx_HAL_Driver/Src/stm32l1xx_hal_adc.o
                0x0000000008000e28                ADC_Enable
 .text.__NVIC_SetPriorityGrouping
                0x0000000008000ed4       0x48 Drivers/STM32L1xx_HAL_Driver/Src/stm32l1xx_hal_cortex.o
 .text.__NVIC_GetPriorityGrouping
                0x0000000008000f1c       0x1c Drivers/STM32L1xx_HAL_Driver/Src/stm32l1xx_hal_cortex.o
 .text.__NVIC_SetPriority
                0x0000000008000f38       0x54 Drivers/STM32L1xx_HAL_Driver/Src/stm32l1xx_hal_cortex.o
 .text.NVIC_EncodePriority
                0x0000000008000f8c       0x64 Drivers/STM32L1xx_HAL_Driver/Src/stm32l1xx_hal_cortex.o
 .text.SysTick_Config
                0x0000000008000ff0       0x44 Drivers/STM32L1xx_HAL_Driver/Src/stm32l1xx_hal_cortex.o
 .text.HAL_NVIC_SetPriorityGrouping
                0x0000000008001034       0x16 Drivers/STM32L1xx_HAL_Driver/Src/stm32l1xx_hal_cortex.o
                0x0000000008001034                HAL_NVIC_SetPriorityGrouping
 .text.HAL_NVIC_SetPriority
                0x000000000800104a       0x38 Drivers/STM32L1xx_HAL_Driver/Src/stm32l1xx_hal_cortex.o
                0x000000000800104a                HAL_NVIC_SetPriority
 .text.HAL_SYSTICK_Config
                0x0000000008001082       0x18 Drivers/STM32L1xx_HAL_Driver/Src/stm32l1xx_hal_cortex.o
                0x0000000008001082                HAL_SYSTICK_Config
 *fill*         0x000000000800109a        0x2 
 .text.HAL_GPIO_Init
                0x000000000800109c      0x2fc Drivers/STM32L1xx_HAL_Driver/Src/stm32l1xx_hal_gpio.o
                0x000000000800109c                HAL_GPIO_Init
 .text.HAL_GPIO_WritePin
                0x0000000008001398       0x30 Drivers/STM32L1xx_HAL_Driver/Src/stm32l1xx_hal_gpio.o
                0x0000000008001398                HAL_GPIO_WritePin
 .text.HAL_RCC_OscConfig
                0x00000000080013c8      0x660 Drivers/STM32L1xx_HAL_Driver/Src/stm32l1xx_hal_rcc.o
                0x00000000080013c8                HAL_RCC_OscConfig
 .text.HAL_RCC_ClockConfig
                0x0000000008001a28      0x268 Drivers/STM32L1xx_HAL_Driver/Src/stm32l1xx_hal_rcc.o
                0x0000000008001a28                HAL_RCC_ClockConfig
 .text.HAL_RCC_GetSysClockFreq
                0x0000000008001c90       0xb0 Drivers/STM32L1xx_HAL_Driver/Src/stm32l1xx_hal_rcc.o
                0x0000000008001c90                HAL_RCC_GetSysClockFreq
 .text.RCC_SetFlashLatencyFromMSIRange
                0x0000000008001d40       0xc0 Drivers/STM32L1xx_HAL_Driver/Src/stm32l1xx_hal_rcc.o
 .text.__libc_init_array
                0x0000000008001e00       0x48 c:/st/stm32cubeide_1.0.2/stm32cubeide/plugins/com.st.stm32cube.ide.mcu.externaltools.gnu-tools-for-stm32.7-2018-q2-update.win32_1.0.0.201904181610/tools/bin/../lib/gcc/arm-none-eabi/7.3.1/../../../../arm-none-eabi/lib/thumb/v7-m\libc_nano.a(lib_a-init.o)
                0x0000000008001e00                __libc_init_array
 .text.memset   0x0000000008001e48       0x10 c:/st/stm32cubeide_1.0.2/stm32cubeide/plugins/com.st.stm32cube.ide.mcu.externaltools.gnu-tools-for-stm32.7-2018-q2-update.win32_1.0.0.201904181610/tools/bin/../lib/gcc/arm-none-eabi/7.3.1/../../../../arm-none-eabi/lib/thumb/v7-m\libc_nano.a(lib_a-memset.o)
                0x0000000008001e48                memset
 *(.glue_7)
 .glue_7        0x0000000008001e58        0x0 linker stubs
 *(.glue_7t)
 .glue_7t       0x0000000008001e58        0x0 linker stubs
 *(.eh_frame)
 .eh_frame      0x0000000008001e58        0x0 c:/st/stm32cubeide_1.0.2/stm32cubeide/plugins/com.st.stm32cube.ide.mcu.externaltools.gnu-tools-for-stm32.7-2018-q2-update.win32_1.0.0.201904181610/tools/bin/../lib/gcc/arm-none-eabi/7.3.1/thumb/v7-m/crtbegin.o
 *(.init)
 .init          0x0000000008001e58        0x4 c:/st/stm32cubeide_1.0.2/stm32cubeide/plugins/com.st.stm32cube.ide.mcu.externaltools.gnu-tools-for-stm32.7-2018-q2-update.win32_1.0.0.201904181610/tools/bin/../lib/gcc/arm-none-eabi/7.3.1/thumb/v7-m/crti.o
                0x0000000008001e58                _init
 .init          0x0000000008001e5c        0x8 c:/st/stm32cubeide_1.0.2/stm32cubeide/plugins/com.st.stm32cube.ide.mcu.externaltools.gnu-tools-for-stm32.7-2018-q2-update.win32_1.0.0.201904181610/tools/bin/../lib/gcc/arm-none-eabi/7.3.1/thumb/v7-m/crtn.o
 *(.fini)
 .fini          0x0000000008001e64        0x4 c:/st/stm32cubeide_1.0.2/stm32cubeide/plugins/com.st.stm32cube.ide.mcu.externaltools.gnu-tools-for-stm32.7-2018-q2-update.win32_1.0.0.201904181610/tools/bin/../lib/gcc/arm-none-eabi/7.3.1/thumb/v7-m/crti.o
                0x0000000008001e64                _fini
 .fini          0x0000000008001e68        0x8 c:/st/stm32cubeide_1.0.2/stm32cubeide/plugins/com.st.stm32cube.ide.mcu.externaltools.gnu-tools-for-stm32.7-2018-q2-update.win32_1.0.0.201904181610/tools/bin/../lib/gcc/arm-none-eabi/7.3.1/thumb/v7-m/crtn.o
                0x0000000008001e70                . = ALIGN (0x4)
                0x0000000008001e70                _etext = .

.vfp11_veneer   0x0000000008001e70        0x0
 .vfp11_veneer  0x0000000008001e70        0x0 linker stubs

.v4_bx          0x0000000008001e70        0x0
 .v4_bx         0x0000000008001e70        0x0 linker stubs

.iplt           0x0000000008001e70        0x0
 .iplt          0x0000000008001e70        0x0 c:/st/stm32cubeide_1.0.2/stm32cubeide/plugins/com.st.stm32cube.ide.mcu.externaltools.gnu-tools-for-stm32.7-2018-q2-update.win32_1.0.0.201904181610/tools/bin/../lib/gcc/arm-none-eabi/7.3.1/thumb/v7-m/crtbegin.o

.rodata         0x0000000008001e70       0x1c
                0x0000000008001e70                . = ALIGN (0x4)
 *(.rodata)
 *(.rodata*)
 .rodata.PLLMulTable
                0x0000000008001e70        0x9 Core/Src/system_stm32l1xx.o
                0x0000000008001e70                PLLMulTable
 *fill*         0x0000000008001e79        0x3 
 .rodata.AHBPrescTable
                0x0000000008001e7c       0x10 Core/Src/system_stm32l1xx.o
                0x0000000008001e7c                AHBPrescTable
                0x0000000008001e8c                . = ALIGN (0x4)

.rel.dyn        0x0000000008001e8c        0x0
 .rel.iplt      0x0000000008001e8c        0x0 c:/st/stm32cubeide_1.0.2/stm32cubeide/plugins/com.st.stm32cube.ide.mcu.externaltools.gnu-tools-for-stm32.7-2018-q2-update.win32_1.0.0.201904181610/tools/bin/../lib/gcc/arm-none-eabi/7.3.1/thumb/v7-m/crtbegin.o

.ARM.extab      0x0000000008001e8c        0x0
                0x0000000008001e8c                . = ALIGN (0x4)
 *(.ARM.extab* .gnu.linkonce.armextab.*)
                0x0000000008001e8c                . = ALIGN (0x4)

.ARM            0x0000000008001e8c        0x0
                0x0000000008001e8c                . = ALIGN (0x4)
                0x0000000008001e8c                __exidx_start = .
 *(.ARM.exidx*)
                0x0000000008001e8c                __exidx_end = .
                0x0000000008001e8c                . = ALIGN (0x4)

.preinit_array  0x0000000008001e8c        0x0
                0x0000000008001e8c                . = ALIGN (0x4)
                0x0000000008001e8c                PROVIDE (__preinit_array_start = .)
 *(.preinit_array*)
                0x0000000008001e8c                PROVIDE (__preinit_array_end = .)
                0x0000000008001e8c                . = ALIGN (0x4)

.init_array     0x0000000008001e8c        0x4
                0x0000000008001e8c                . = ALIGN (0x4)
                0x0000000008001e8c                PROVIDE (__init_array_start = .)
 *(SORT_BY_NAME(.init_array.*))
 *(.init_array*)
 .init_array    0x0000000008001e8c        0x4 c:/st/stm32cubeide_1.0.2/stm32cubeide/plugins/com.st.stm32cube.ide.mcu.externaltools.gnu-tools-for-stm32.7-2018-q2-update.win32_1.0.0.201904181610/tools/bin/../lib/gcc/arm-none-eabi/7.3.1/thumb/v7-m/crtbegin.o
                0x0000000008001e90                PROVIDE (__init_array_end = .)
                0x0000000008001e90                . = ALIGN (0x4)

.fini_array     0x0000000008001e90        0x4
                0x0000000008001e90                . = ALIGN (0x4)
                [!provide]                        PROVIDE (__fini_array_start = .)
 *(SORT_BY_NAME(.fini_array.*))
 *(.fini_array*)
 .fini_array    0x0000000008001e90        0x4 c:/st/stm32cubeide_1.0.2/stm32cubeide/plugins/com.st.stm32cube.ide.mcu.externaltools.gnu-tools-for-stm32.7-2018-q2-update.win32_1.0.0.201904181610/tools/bin/../lib/gcc/arm-none-eabi/7.3.1/thumb/v7-m/crtbegin.o
                [!provide]                        PROVIDE (__fini_array_end = .)
                0x0000000008001e94                . = ALIGN (0x4)
                0x0000000008001e94                _sidata = LOADADDR (.data)

.data           0x0000000020000000        0xc load address 0x0000000008001e94
                0x0000000020000000                . = ALIGN (0x4)
                0x0000000020000000                _sdata = .
 *(.data)
 *(.data*)
 .data.SystemCoreClock
                0x0000000020000000        0x4 Core/Src/system_stm32l1xx.o
                0x0000000020000000                SystemCoreClock
 .data.uwTickPrio
                0x0000000020000004        0x4 Drivers/STM32L1xx_HAL_Driver/Src/stm32l1xx_hal.o
                0x0000000020000004                uwTickPrio
 .data.uwTickFreq
                0x0000000020000008        0x4 Drivers/STM32L1xx_HAL_Driver/Src/stm32l1xx_hal.o
                0x0000000020000008                uwTickFreq
                0x000000002000000c                . = ALIGN (0x4)
                0x000000002000000c                _edata = .

.igot.plt       0x000000002000000c        0x0 load address 0x0000000008001ea0
 .igot.plt      0x000000002000000c        0x0 c:/st/stm32cubeide_1.0.2/stm32cubeide/plugins/com.st.stm32cube.ide.mcu.externaltools.gnu-tools-for-stm32.7-2018-q2-update.win32_1.0.0.201904181610/tools/bin/../lib/gcc/arm-none-eabi/7.3.1/thumb/v7-m/crtbegin.o
                0x000000002000000c                . = ALIGN (0x4)

.bss            0x000000002000000c       0x78 load address 0x0000000008001ea0
                0x000000002000000c                _sbss = .
                0x000000002000000c                __bss_start__ = _sbss
 *(.bss)
 .bss           0x000000002000000c       0x1c c:/st/stm32cubeide_1.0.2/stm32cubeide/plugins/com.st.stm32cube.ide.mcu.externaltools.gnu-tools-for-stm32.7-2018-q2-update.win32_1.0.0.201904181610/tools/bin/../lib/gcc/arm-none-eabi/7.3.1/thumb/v7-m/crtbegin.o
 *(.bss*)
 *(COMMON)
 COMMON         0x0000000020000028       0x58 Core/Src/main.o
                0x0000000020000028                adcValue
                0x000000002000002c                hadc
 COMMON         0x0000000020000080        0x4 Drivers/STM32L1xx_HAL_Driver/Src/stm32l1xx_hal.o
                0x0000000020000080                uwTick
                0x0000000020000084                . = ALIGN (0x4)
                0x0000000020000084                _ebss = .
                0x0000000020000084                __bss_end__ = _ebss

._user_heap_stack
                0x0000000020000084      0x604 load address 0x0000000008001ea0
                0x0000000020000088                . = ALIGN (0x8)
 *fill*         0x0000000020000084        0x4 
                0x0000000020000088                PROVIDE (end = .)
                [!provide]                        PROVIDE (_end = .)
                0x0000000020000288                . = (. + _Min_Heap_Size)
 *fill*         0x0000000020000088      0x200 
                0x0000000020000688                . = (. + _Min_Stack_Size)
 *fill*         0x0000000020000288      0x400 
                0x0000000020000688                . = ALIGN (0x8)

/DISCARD/
 libc.a(*)
 libm.a(*)
 libgcc.a(*)

.ARM.attributes
                0x0000000000000000       0x29
 *(.ARM.attributes)
 .ARM.attributes
                0x0000000000000000       0x1d c:/st/stm32cubeide_1.0.2/stm32cubeide/plugins/com.st.stm32cube.ide.mcu.externaltools.gnu-tools-for-stm32.7-2018-q2-update.win32_1.0.0.201904181610/tools/bin/../lib/gcc/arm-none-eabi/7.3.1/thumb/v7-m/crti.o
 .ARM.attributes
                0x000000000000001d       0x2d c:/st/stm32cubeide_1.0.2/stm32cubeide/plugins/com.st.stm32cube.ide.mcu.externaltools.gnu-tools-for-stm32.7-2018-q2-update.win32_1.0.0.201904181610/tools/bin/../lib/gcc/arm-none-eabi/7.3.1/thumb/v7-m/crtbegin.o
 .ARM.attributes
                0x000000000000004a       0x33 Core/Src/main.o
 .ARM.attributes
                0x000000000000007d       0x33 Core/Src/stm32l1xx_hal_msp.o
 .ARM.attributes
                0x00000000000000b0       0x33 Core/Src/stm32l1xx_it.o
 .ARM.attributes
                0x00000000000000e3       0x33 Core/Src/system_stm32l1xx.o
 .ARM.attributes
                0x0000000000000116       0x21 Core/Startup/startup_stm32l151c6ux.o
 .ARM.attributes
                0x0000000000000137       0x33 Drivers/STM32L1xx_HAL_Driver/Src/stm32l1xx_hal.o
 .ARM.attributes
                0x000000000000016a       0x33 Drivers/STM32L1xx_HAL_Driver/Src/stm32l1xx_hal_adc.o
 .ARM.attributes
                0x000000000000019d       0x33 Drivers/STM32L1xx_HAL_Driver/Src/stm32l1xx_hal_cortex.o
 .ARM.attributes
                0x00000000000001d0       0x33 Drivers/STM32L1xx_HAL_Driver/Src/stm32l1xx_hal_gpio.o
 .ARM.attributes
                0x0000000000000203       0x33 Drivers/STM32L1xx_HAL_Driver/Src/stm32l1xx_hal_rcc.o
 .ARM.attributes
                0x0000000000000236       0x2d c:/st/stm32cubeide_1.0.2/stm32cubeide/plugins/com.st.stm32cube.ide.mcu.externaltools.gnu-tools-for-stm32.7-2018-q2-update.win32_1.0.0.201904181610/tools/bin/../lib/gcc/arm-none-eabi/7.3.1/../../../../arm-none-eabi/lib/thumb/v7-m\libc_nano.a(lib_a-init.o)
 .ARM.attributes
                0x0000000000000263       0x2d c:/st/stm32cubeide_1.0.2/stm32cubeide/plugins/com.st.stm32cube.ide.mcu.externaltools.gnu-tools-for-stm32.7-2018-q2-update.win32_1.0.0.201904181610/tools/bin/../lib/gcc/arm-none-eabi/7.3.1/../../../../arm-none-eabi/lib/thumb/v7-m\libc_nano.a(lib_a-memset.o)
 .ARM.attributes
                0x0000000000000290       0x1d c:/st/stm32cubeide_1.0.2/stm32cubeide/plugins/com.st.stm32cube.ide.mcu.externaltools.gnu-tools-for-stm32.7-2018-q2-update.win32_1.0.0.201904181610/tools/bin/../lib/gcc/arm-none-eabi/7.3.1/thumb/v7-m/crtn.o
OUTPUT(EARS.elf elf32-littlearm)

.debug_info     0x0000000000000000     0x4c75
 .debug_info    0x0000000000000000      0xad3 Core/Src/main.o
 .debug_info    0x0000000000000ad3      0x8be Core/Src/stm32l1xx_hal_msp.o
 .debug_info    0x0000000000001391      0x1fc Core/Src/stm32l1xx_it.o
 .debug_info    0x000000000000158d      0x473 Core/Src/system_stm32l1xx.o
 .debug_info    0x0000000000001a00       0x22 Core/Startup/startup_stm32l151c6ux.o
 .debug_info    0x0000000000001a22      0x6da Drivers/STM32L1xx_HAL_Driver/Src/stm32l1xx_hal.o
 .debug_info    0x00000000000020fc      0xebf Drivers/STM32L1xx_HAL_Driver/Src/stm32l1xx_hal_adc.o
 .debug_info    0x0000000000002fbb      0xd42 Drivers/STM32L1xx_HAL_Driver/Src/stm32l1xx_hal_cortex.o
 .debug_info    0x0000000000003cfd      0x690 Drivers/STM32L1xx_HAL_Driver/Src/stm32l1xx_hal_gpio.o
 .debug_info    0x000000000000438d      0x8e8 Drivers/STM32L1xx_HAL_Driver/Src/stm32l1xx_hal_rcc.o

.debug_abbrev   0x0000000000000000     0x1091
 .debug_abbrev  0x0000000000000000      0x1c0 Core/Src/main.o
 .debug_abbrev  0x00000000000001c0      0x18c Core/Src/stm32l1xx_hal_msp.o
 .debug_abbrev  0x000000000000034c       0xac Core/Src/stm32l1xx_it.o
 .debug_abbrev  0x00000000000003f8      0x111 Core/Src/system_stm32l1xx.o
 .debug_abbrev  0x0000000000000509       0x12 Core/Startup/startup_stm32l151c6ux.o
 .debug_abbrev  0x000000000000051b      0x21b Drivers/STM32L1xx_HAL_Driver/Src/stm32l1xx_hal.o
 .debug_abbrev  0x0000000000000736      0x244 Drivers/STM32L1xx_HAL_Driver/Src/stm32l1xx_hal_adc.o
 .debug_abbrev  0x000000000000097a      0x2fa Drivers/STM32L1xx_HAL_Driver/Src/stm32l1xx_hal_cortex.o
 .debug_abbrev  0x0000000000000c74      0x1c9 Drivers/STM32L1xx_HAL_Driver/Src/stm32l1xx_hal_gpio.o
 .debug_abbrev  0x0000000000000e3d      0x254 Drivers/STM32L1xx_HAL_Driver/Src/stm32l1xx_hal_rcc.o

.debug_aranges  0x0000000000000000      0x4f0
 .debug_aranges
                0x0000000000000000       0x40 Core/Src/main.o
 .debug_aranges
                0x0000000000000040       0x30 Core/Src/stm32l1xx_hal_msp.o
 .debug_aranges
                0x0000000000000070       0x60 Core/Src/stm32l1xx_it.o
 .debug_aranges
                0x00000000000000d0       0x28 Core/Src/system_stm32l1xx.o
 .debug_aranges
                0x00000000000000f8       0x28 Core/Startup/startup_stm32l151c6ux.o
 .debug_aranges
                0x0000000000000120       0xe0 Drivers/STM32L1xx_HAL_Driver/Src/stm32l1xx_hal.o
 .debug_aranges
                0x0000000000000200       0xf0 Drivers/STM32L1xx_HAL_Driver/Src/stm32l1xx_hal_adc.o
 .debug_aranges
                0x00000000000002f0      0x118 Drivers/STM32L1xx_HAL_Driver/Src/stm32l1xx_hal_cortex.o
 .debug_aranges
                0x0000000000000408       0x58 Drivers/STM32L1xx_HAL_Driver/Src/stm32l1xx_hal_gpio.o
 .debug_aranges
                0x0000000000000460       0x90 Drivers/STM32L1xx_HAL_Driver/Src/stm32l1xx_hal_rcc.o

.debug_ranges   0x0000000000000000      0x458
 .debug_ranges  0x0000000000000000       0x30 Core/Src/main.o
 .debug_ranges  0x0000000000000030       0x20 Core/Src/stm32l1xx_hal_msp.o
 .debug_ranges  0x0000000000000050       0x50 Core/Src/stm32l1xx_it.o
 .debug_ranges  0x00000000000000a0       0x18 Core/Src/system_stm32l1xx.o
 .debug_ranges  0x00000000000000b8       0x20 Core/Startup/startup_stm32l151c6ux.o
 .debug_ranges  0x00000000000000d8       0xd0 Drivers/STM32L1xx_HAL_Driver/Src/stm32l1xx_hal.o
 .debug_ranges  0x00000000000001a8       0xe0 Drivers/STM32L1xx_HAL_Driver/Src/stm32l1xx_hal_adc.o
 .debug_ranges  0x0000000000000288      0x108 Drivers/STM32L1xx_HAL_Driver/Src/stm32l1xx_hal_cortex.o
 .debug_ranges  0x0000000000000390       0x48 Drivers/STM32L1xx_HAL_Driver/Src/stm32l1xx_hal_gpio.o
 .debug_ranges  0x00000000000003d8       0x80 Drivers/STM32L1xx_HAL_Driver/Src/stm32l1xx_hal_rcc.o

.debug_macro    0x0000000000000000    0x12f0e
 .debug_macro   0x0000000000000000      0x1b1 Core/Src/main.o
 .debug_macro   0x00000000000001b1      0xa5a Core/Src/main.o
 .debug_macro   0x0000000000000c0b      0x106 Core/Src/main.o
 .debug_macro   0x0000000000000d11       0x2e Core/Src/main.o
 .debug_macro   0x0000000000000d3f       0x22 Core/Src/main.o
 .debug_macro   0x0000000000000d61       0x22 Core/Src/main.o
 .debug_macro   0x0000000000000d83       0x8e Core/Src/main.o
 .debug_macro   0x0000000000000e11       0x51 Core/Src/main.o
 .debug_macro   0x0000000000000e62       0xef Core/Src/main.o
 .debug_macro   0x0000000000000f51       0x6a Core/Src/main.o
 .debug_macro   0x0000000000000fbb      0x1df Core/Src/main.o
 .debug_macro   0x000000000000119a       0x1c Core/Src/main.o
 .debug_macro   0x00000000000011b6       0x22 Core/Src/main.o
 .debug_macro   0x00000000000011d8       0xc3 Core/Src/main.o
 .debug_macro   0x000000000000129b      0xe49 Core/Src/main.o
 .debug_macro   0x00000000000020e4      0x11f Core/Src/main.o
 .debug_macro   0x0000000000002203     0xa350 Core/Src/main.o
 .debug_macro   0x000000000000c553       0x43 Core/Src/main.o
 .debug_macro   0x000000000000c596     0x3468 Core/Src/main.o
 .debug_macro   0x000000000000f9fe      0x174 Core/Src/main.o
 .debug_macro   0x000000000000fb72       0x5b Core/Src/main.o
 .debug_macro   0x000000000000fbcd      0xe38 Core/Src/main.o
 .debug_macro   0x0000000000010a05       0x5c Core/Src/main.o
 .debug_macro   0x0000000000010a61      0x13b Core/Src/main.o
 .debug_macro   0x0000000000010b9c       0xa7 Core/Src/main.o
 .debug_macro   0x0000000000010c43      0x21e Core/Src/main.o
 .debug_macro   0x0000000000010e61      0x236 Core/Src/main.o
 .debug_macro   0x0000000000011097      0x631 Core/Src/main.o
 .debug_macro   0x00000000000116c8      0x15e Core/Src/main.o
 .debug_macro   0x0000000000011826      0x107 Core/Src/main.o
 .debug_macro   0x000000000001192d      0x281 Core/Src/main.o
 .debug_macro   0x0000000000011bae      0x1e9 Core/Src/main.o
 .debug_macro   0x0000000000011d97       0x22 Core/Src/main.o
 .debug_macro   0x0000000000011db9      0x3ce Core/Src/main.o
 .debug_macro   0x0000000000012187      0x1a5 Core/Src/stm32l1xx_hal_msp.o
 .debug_macro   0x000000000001232c      0x1af Core/Src/stm32l1xx_it.o
 .debug_macro   0x00000000000124db      0x1a1 Core/Src/system_stm32l1xx.o
 .debug_macro   0x000000000001267c      0x1bf Drivers/STM32L1xx_HAL_Driver/Src/stm32l1xx_hal.o
 .debug_macro   0x000000000001283b      0x1b8 Drivers/STM32L1xx_HAL_Driver/Src/stm32l1xx_hal_adc.o
 .debug_macro   0x00000000000129f3      0x19b Drivers/STM32L1xx_HAL_Driver/Src/stm32l1xx_hal_cortex.o
 .debug_macro   0x0000000000012b8e      0x1d3 Drivers/STM32L1xx_HAL_Driver/Src/stm32l1xx_hal_gpio.o
 .debug_macro   0x0000000000012d61      0x1ad Drivers/STM32L1xx_HAL_Driver/Src/stm32l1xx_hal_rcc.o

.debug_line     0x0000000000000000     0x4a60
 .debug_line    0x0000000000000000      0x6f9 Core/Src/main.o
 .debug_line    0x00000000000006f9      0x6a5 Core/Src/stm32l1xx_hal_msp.o
 .debug_line    0x0000000000000d9e      0x71b Core/Src/stm32l1xx_it.o
 .debug_line    0x00000000000014b9      0x69e Core/Src/system_stm32l1xx.o
 .debug_line    0x0000000000001b57       0x84 Core/Startup/startup_stm32l151c6ux.o
 .debug_line    0x0000000000001bdb      0x853 Drivers/STM32L1xx_HAL_Driver/Src/stm32l1xx_hal.o
 .debug_line    0x000000000000242e      0xb0f Drivers/STM32L1xx_HAL_Driver/Src/stm32l1xx_hal_adc.o
 .debug_line    0x0000000000002f3d      0x99e Drivers/STM32L1xx_HAL_Driver/Src/stm32l1xx_hal_cortex.o
 .debug_line    0x00000000000038db      0x809 Drivers/STM32L1xx_HAL_Driver/Src/stm32l1xx_hal_gpio.o
 .debug_line    0x00000000000040e4      0x97c Drivers/STM32L1xx_HAL_Driver/Src/stm32l1xx_hal_rcc.o

.debug_str      0x0000000000000000    0x77712
 .debug_str     0x0000000000000000    0x763af Core/Src/main.o
                                      0x766b2 (size before relaxing)
 .debug_str     0x00000000000763af       0x4e Core/Src/stm32l1xx_hal_msp.o
                                      0x764c2 (size before relaxing)
 .debug_str     0x00000000000763fd       0xbd Core/Src/stm32l1xx_it.o
                                      0x7608e (size before relaxing)
 .debug_str     0x00000000000764ba       0xd5 Core/Src/system_stm32l1xx.o
                                      0x76101 (size before relaxing)
 .debug_str     0x000000000007658f       0x36 Core/Startup/startup_stm32l151c6ux.o
                                         0x65 (size before relaxing)
 .debug_str     0x00000000000765c5      0x5a5 Drivers/STM32L1xx_HAL_Driver/Src/stm32l1xx_hal.o
                                      0x766d3 (size before relaxing)
 .debug_str     0x0000000000076b6a      0x34b Drivers/STM32L1xx_HAL_Driver/Src/stm32l1xx_hal_adc.o
                                      0x767f2 (size before relaxing)
 .debug_str     0x0000000000076eb5      0x3bf Drivers/STM32L1xx_HAL_Driver/Src/stm32l1xx_hal_cortex.o
                                      0x76812 (size before relaxing)
 .debug_str     0x0000000000077274      0x214 Drivers/STM32L1xx_HAL_Driver/Src/stm32l1xx_hal_gpio.o
                                      0x76325 (size before relaxing)
 .debug_str     0x0000000000077488      0x28a Drivers/STM32L1xx_HAL_Driver/Src/stm32l1xx_hal_rcc.o
                                      0x764e8 (size before relaxing)

.comment        0x0000000000000000       0x7b
 .comment       0x0000000000000000       0x7b Core/Src/main.o
                                         0x7c (size before relaxing)
 .comment       0x000000000000007b       0x7c Core/Src/stm32l1xx_hal_msp.o
 .comment       0x000000000000007b       0x7c Core/Src/stm32l1xx_it.o
 .comment       0x000000000000007b       0x7c Core/Src/system_stm32l1xx.o
 .comment       0x000000000000007b       0x7c Drivers/STM32L1xx_HAL_Driver/Src/stm32l1xx_hal.o
 .comment       0x000000000000007b       0x7c Drivers/STM32L1xx_HAL_Driver/Src/stm32l1xx_hal_adc.o
 .comment       0x000000000000007b       0x7c Drivers/STM32L1xx_HAL_Driver/Src/stm32l1xx_hal_cortex.o
 .comment       0x000000000000007b       0x7c Drivers/STM32L1xx_HAL_Driver/Src/stm32l1xx_hal_gpio.o
 .comment       0x000000000000007b       0x7c Drivers/STM32L1xx_HAL_Driver/Src/stm32l1xx_hal_rcc.o

.debug_frame    0x0000000000000000     0x1230
 .debug_frame   0x0000000000000000       0xb8 Core/Src/main.o
 .debug_frame   0x00000000000000b8       0x80 Core/Src/stm32l1xx_hal_msp.o
 .debug_frame   0x0000000000000138      0x10c Core/Src/stm32l1xx_it.o
 .debug_frame   0x0000000000000244       0x58 Core/Src/system_stm32l1xx.o
 .debug_frame   0x000000000000029c      0x33c Drivers/STM32L1xx_HAL_Driver/Src/stm32l1xx_hal.o
 .debug_frame   0x00000000000005d8      0x40c Drivers/STM32L1xx_HAL_Driver/Src/stm32l1xx_hal_adc.o
 .debug_frame   0x00000000000009e4      0x498 Drivers/STM32L1xx_HAL_Driver/Src/stm32l1xx_hal_cortex.o
 .debug_frame   0x0000000000000e7c      0x14c Drivers/STM32L1xx_HAL_Driver/Src/stm32l1xx_hal_gpio.o
 .debug_frame   0x0000000000000fc8      0x21c Drivers/STM32L1xx_HAL_Driver/Src/stm32l1xx_hal_rcc.o
 .debug_frame   0x00000000000011e4       0x2c c:/st/stm32cubeide_1.0.2/stm32cubeide/plugins/com.st.stm32cube.ide.mcu.externaltools.gnu-tools-for-stm32.7-2018-q2-update.win32_1.0.0.201904181610/tools/bin/../lib/gcc/arm-none-eabi/7.3.1/../../../../arm-none-eabi/lib/thumb/v7-m\libc_nano.a(lib_a-init.o)
 .debug_frame   0x0000000000001210       0x20 c:/st/stm32cubeide_1.0.2/stm32cubeide/plugins/com.st.stm32cube.ide.mcu.externaltools.gnu-tools-for-stm32.7-2018-q2-update.win32_1.0.0.201904181610/tools/bin/../lib/gcc/arm-none-eabi/7.3.1/../../../../arm-none-eabi/lib/thumb/v7-m\libc_nano.a(lib_a-memset.o)
