Archive member included to satisfy reference by file (symbol)

c:/st/stm32cubeide_1.0.1/stm32cubeide/plugins/com.st.stm32cube.ide.mcu.externaltools.gnu-tools-for-stm32.7-2018-q2-update.win32_1.0.0.201904181610/tools/bin/../lib/gcc/arm-none-eabi/7.3.1/../../../../arm-none-eabi/lib/thumb/v7-m\libc_nano.a(lib_a-errno.o)
                              Src/syscalls.o (__errno)
c:/st/stm32cubeide_1.0.1/stm32cubeide/plugins/com.st.stm32cube.ide.mcu.externaltools.gnu-tools-for-stm32.7-2018-q2-update.win32_1.0.0.201904181610/tools/bin/../lib/gcc/arm-none-eabi/7.3.1/../../../../arm-none-eabi/lib/thumb/v7-m\libc_nano.a(lib_a-exit.o)
                              c:/st/stm32cubeide_1.0.1/stm32cubeide/plugins/com.st.stm32cube.ide.mcu.externaltools.gnu-tools-for-stm32.7-2018-q2-update.win32_1.0.0.201904181610/tools/bin/../lib/gcc/arm-none-eabi/7.3.1/../../../../arm-none-eabi/lib/thumb/v7-m/crt0.o (exit)
c:/st/stm32cubeide_1.0.1/stm32cubeide/plugins/com.st.stm32cube.ide.mcu.externaltools.gnu-tools-for-stm32.7-2018-q2-update.win32_1.0.0.201904181610/tools/bin/../lib/gcc/arm-none-eabi/7.3.1/../../../../arm-none-eabi/lib/thumb/v7-m\libc_nano.a(lib_a-impure.o)
                              c:/st/stm32cubeide_1.0.1/stm32cubeide/plugins/com.st.stm32cube.ide.mcu.externaltools.gnu-tools-for-stm32.7-2018-q2-update.win32_1.0.0.201904181610/tools/bin/../lib/gcc/arm-none-eabi/7.3.1/../../../../arm-none-eabi/lib/thumb/v7-m\libc_nano.a(lib_a-exit.o) (_global_impure_ptr)
c:/st/stm32cubeide_1.0.1/stm32cubeide/plugins/com.st.stm32cube.ide.mcu.externaltools.gnu-tools-for-stm32.7-2018-q2-update.win32_1.0.0.201904181610/tools/bin/../lib/gcc/arm-none-eabi/7.3.1/../../../../arm-none-eabi/lib/thumb/v7-m\libc_nano.a(lib_a-init.o)
                              c:/st/stm32cubeide_1.0.1/stm32cubeide/plugins/com.st.stm32cube.ide.mcu.externaltools.gnu-tools-for-stm32.7-2018-q2-update.win32_1.0.0.201904181610/tools/bin/../lib/gcc/arm-none-eabi/7.3.1/../../../../arm-none-eabi/lib/thumb/v7-m/crt0.o (__libc_init_array)
c:/st/stm32cubeide_1.0.1/stm32cubeide/plugins/com.st.stm32cube.ide.mcu.externaltools.gnu-tools-for-stm32.7-2018-q2-update.win32_1.0.0.201904181610/tools/bin/../lib/gcc/arm-none-eabi/7.3.1/../../../../arm-none-eabi/lib/thumb/v7-m\libc_nano.a(lib_a-memset.o)
                              c:/st/stm32cubeide_1.0.1/stm32cubeide/plugins/com.st.stm32cube.ide.mcu.externaltools.gnu-tools-for-stm32.7-2018-q2-update.win32_1.0.0.201904181610/tools/bin/../lib/gcc/arm-none-eabi/7.3.1/../../../../arm-none-eabi/lib/thumb/v7-m/crt0.o (memset)

Allocating common symbols
Common symbol       size              file

uwTick              0x4               Drivers/STM32L1xx_HAL_Driver/Src/stm32l1xx_hal.o
pFlash              0x18              Drivers/STM32L1xx_HAL_Driver/Src/stm32l1xx_hal_flash.o
adcValue            0x2               Src/main.o
hadc                0x54              Src/main.o

Discarded input sections

 .text          0x0000000000000000        0x0 c:/st/stm32cubeide_1.0.1/stm32cubeide/plugins/com.st.stm32cube.ide.mcu.externaltools.gnu-tools-for-stm32.7-2018-q2-update.win32_1.0.0.201904181610/tools/bin/../lib/gcc/arm-none-eabi/7.3.1/thumb/v7-m/crti.o
 .data          0x0000000000000000        0x0 c:/st/stm32cubeide_1.0.1/stm32cubeide/plugins/com.st.stm32cube.ide.mcu.externaltools.gnu-tools-for-stm32.7-2018-q2-update.win32_1.0.0.201904181610/tools/bin/../lib/gcc/arm-none-eabi/7.3.1/thumb/v7-m/crti.o
 .bss           0x0000000000000000        0x0 c:/st/stm32cubeide_1.0.1/stm32cubeide/plugins/com.st.stm32cube.ide.mcu.externaltools.gnu-tools-for-stm32.7-2018-q2-update.win32_1.0.0.201904181610/tools/bin/../lib/gcc/arm-none-eabi/7.3.1/thumb/v7-m/crti.o
 .data          0x0000000000000000        0x4 c:/st/stm32cubeide_1.0.1/stm32cubeide/plugins/com.st.stm32cube.ide.mcu.externaltools.gnu-tools-for-stm32.7-2018-q2-update.win32_1.0.0.201904181610/tools/bin/../lib/gcc/arm-none-eabi/7.3.1/thumb/v7-m/crtbegin.o
 .text          0x0000000000000000       0x74 c:/st/stm32cubeide_1.0.1/stm32cubeide/plugins/com.st.stm32cube.ide.mcu.externaltools.gnu-tools-for-stm32.7-2018-q2-update.win32_1.0.0.201904181610/tools/bin/../lib/gcc/arm-none-eabi/7.3.1/../../../../arm-none-eabi/lib/thumb/v7-m/crt0.o
 .data          0x0000000000000000        0x0 c:/st/stm32cubeide_1.0.1/stm32cubeide/plugins/com.st.stm32cube.ide.mcu.externaltools.gnu-tools-for-stm32.7-2018-q2-update.win32_1.0.0.201904181610/tools/bin/../lib/gcc/arm-none-eabi/7.3.1/../../../../arm-none-eabi/lib/thumb/v7-m/crt0.o
 .bss           0x0000000000000000        0x0 c:/st/stm32cubeide_1.0.1/stm32cubeide/plugins/com.st.stm32cube.ide.mcu.externaltools.gnu-tools-for-stm32.7-2018-q2-update.win32_1.0.0.201904181610/tools/bin/../lib/gcc/arm-none-eabi/7.3.1/../../../../arm-none-eabi/lib/thumb/v7-m/crt0.o
[...]
Memory Configuration

Name             Origin             Length             Attributes
RAM              0x0000000020000000 0x0000000000002800 xrw
FLASH            0x0000000008000000 0x0000000000010000 xr
*default*        0x0000000000000000 0xffffffffffffffff

Linker script and memory map

LOAD c:/st/stm32cubeide_1.0.1/stm32cubeide/plugins/com.st.stm32cube.ide.mcu.externaltools.gnu-tools-for-stm32.7-2018-q2-update.win32_1.0.0.201904181610/tools/bin/../lib/gcc/arm-none-eabi/7.3.1/thumb/v7-m/crti.o
LOAD c:/st/stm32cubeide_1.0.1/stm32cubeide/plugins/com.st.stm32cube.ide.mcu.externaltools.gnu-tools-for-stm32.7-2018-q2-update.win32_1.0.0.201904181610/tools/bin/../lib/gcc/arm-none-eabi/7.3.1/thumb/v7-m/crtbegin.o
LOAD c:/st/stm32cubeide_1.0.1/stm32cubeide/plugins/com.st.stm32cube.ide.mcu.externaltools.gnu-tools-for-stm32.7-2018-q2-update.win32_1.0.0.201904181610/tools/bin/../lib/gcc/arm-none-eabi/7.3.1/../../../../arm-none-eabi/lib/thumb/v7-m/crt0.o
LOAD Drivers/STM32L1xx_HAL_Driver/Src/stm32l1xx_hal.o
LOAD Drivers/STM32L1xx_HAL_Driver/Src/stm32l1xx_hal_adc.o
LOAD Drivers/STM32L1xx_HAL_Driver/Src/stm32l1xx_hal_adc_ex.o
LOAD Drivers/STM32L1xx_HAL_Driver/Src/stm32l1xx_hal_cortex.o
LOAD Drivers/STM32L1xx_HAL_Driver/Src/stm32l1xx_hal_dma.o
LOAD Drivers/STM32L1xx_HAL_Driver/Src/stm32l1xx_hal_flash.o
LOAD Drivers/STM32L1xx_HAL_Driver/Src/stm32l1xx_hal_flash_ex.o
LOAD Drivers/STM32L1xx_HAL_Driver/Src/stm32l1xx_hal_flash_ramfunc.o
LOAD Drivers/STM32L1xx_HAL_Driver/Src/stm32l1xx_hal_gpio.o
LOAD Drivers/STM32L1xx_HAL_Driver/Src/stm32l1xx_hal_pwr.o
LOAD Drivers/STM32L1xx_HAL_Driver/Src/stm32l1xx_hal_pwr_ex.o
LOAD Drivers/STM32L1xx_HAL_Driver/Src/stm32l1xx_hal_rcc.o
LOAD Drivers/STM32L1xx_HAL_Driver/Src/stm32l1xx_hal_rcc_ex.o
LOAD Drivers/STM32L1xx_HAL_Driver/Src/stm32l1xx_hal_tim.o
LOAD Drivers/STM32L1xx_HAL_Driver/Src/stm32l1xx_hal_tim_ex.o
LOAD Src/main.o
LOAD Src/stm32l1xx_hal_msp.o
LOAD Src/stm32l1xx_it.o
LOAD Src/syscalls.o
LOAD Src/sysmem.o
LOAD Src/system_stm32l1xx.o
LOAD Startup/startup_stm32l151c8ux.o
START GROUP
LOAD c:/st/stm32cubeide_1.0.1/stm32cubeide/plugins/com.st.stm32cube.ide.mcu.externaltools.gnu-tools-for-stm32.7-2018-q2-update.win32_1.0.0.201904181610/tools/bin/../lib/gcc/arm-none-eabi/7.3.1/../../../../arm-none-eabi/lib/thumb/v7-m\libc_nano.a
LOAD c:/st/stm32cubeide_1.0.1/stm32cubeide/plugins/com.st.stm32cube.ide.mcu.externaltools.gnu-tools-for-stm32.7-2018-q2-update.win32_1.0.0.201904181610/tools/bin/../lib/gcc/arm-none-eabi/7.3.1/../../../../arm-none-eabi/lib/thumb/v7-m\libm.a
END GROUP
START GROUP
LOAD c:/st/stm32cubeide_1.0.1/stm32cubeide/plugins/com.st.stm32cube.ide.mcu.externaltools.gnu-tools-for-stm32.7-2018-q2-update.win32_1.0.0.201904181610/tools/bin/../lib/gcc/arm-none-eabi/7.3.1/thumb/v7-m\libgcc.a
LOAD c:/st/stm32cubeide_1.0.1/stm32cubeide/plugins/com.st.stm32cube.ide.mcu.externaltools.gnu-tools-for-stm32.7-2018-q2-update.win32_1.0.0.201904181610/tools/bin/../lib/gcc/arm-none-eabi/7.3.1/../../../../arm-none-eabi/lib/thumb/v7-m\libc_nano.a
END GROUP
START GROUP
LOAD c:/st/stm32cubeide_1.0.1/stm32cubeide/plugins/com.st.stm32cube.ide.mcu.externaltools.gnu-tools-for-stm32.7-2018-q2-update.win32_1.0.0.201904181610/tools/bin/../lib/gcc/arm-none-eabi/7.3.1/thumb/v7-m\libgcc.a
LOAD c:/st/stm32cubeide_1.0.1/stm32cubeide/plugins/com.st.stm32cube.ide.mcu.externaltools.gnu-tools-for-stm32.7-2018-q2-update.win32_1.0.0.201904181610/tools/bin/../lib/gcc/arm-none-eabi/7.3.1/../../../../arm-none-eabi/lib/thumb/v7-m\libc_nano.a
LOAD c:/st/stm32cubeide_1.0.1/stm32cubeide/plugins/com.st.stm32cube.ide.mcu.externaltools.gnu-tools-for-stm32.7-2018-q2-update.win32_1.0.0.201904181610/tools/bin/../lib/gcc/arm-none-eabi/7.3.1/../../../../arm-none-eabi/lib/thumb/v7-m\libnosys.a
END GROUP
START GROUP
LOAD c:/st/stm32cubeide_1.0.1/stm32cubeide/plugins/com.st.stm32cube.ide.mcu.externaltools.gnu-tools-for-stm32.7-2018-q2-update.win32_1.0.0.201904181610/tools/bin/../lib/gcc/arm-none-eabi/7.3.1/thumb/v7-m\libgcc.a
LOAD c:/st/stm32cubeide_1.0.1/stm32cubeide/plugins/com.st.stm32cube.ide.mcu.externaltools.gnu-tools-for-stm32.7-2018-q2-update.win32_1.0.0.201904181610/tools/bin/../lib/gcc/arm-none-eabi/7.3.1/../../../../arm-none-eabi/lib/thumb/v7-m\libc_nano.a
LOAD c:/st/stm32cubeide_1.0.1/stm32cubeide/plugins/com.st.stm32cube.ide.mcu.externaltools.gnu-tools-for-stm32.7-2018-q2-update.win32_1.0.0.201904181610/tools/bin/../lib/gcc/arm-none-eabi/7.3.1/../../../../arm-none-eabi/lib/thumb/v7-m\libnosys.a
END GROUP
LOAD c:/st/stm32cubeide_1.0.1/stm32cubeide/plugins/com.st.stm32cube.ide.mcu.externaltools.gnu-tools-for-stm32.7-2018-q2-update.win32_1.0.0.201904181610/tools/bin/../lib/gcc/arm-none-eabi/7.3.1/thumb/v7-m/crtend.o
LOAD c:/st/stm32cubeide_1.0.1/stm32cubeide/plugins/com.st.stm32cube.ide.mcu.externaltools.gnu-tools-for-stm32.7-2018-q2-update.win32_1.0.0.201904181610/tools/bin/../lib/gcc/arm-none-eabi/7.3.1/thumb/v7-m/crtn.o
                0x0000000020002800                _estack = 0x20002800
                0x0000000000000200                _Min_Heap_Size = 0x200
                0x0000000000000400                _Min_Stack_Size = 0x400

.isr_vector     0x0000000008000000      0x13c
                0x0000000008000000                . = ALIGN (0x4)
 *(.isr_vector)
 .isr_vector    0x0000000008000000      0x13c Startup/startup_stm32l151c8ux.o
                0x0000000008000000                g_pfnVectors
                0x000000000800013c                . = ALIGN (0x4)

.text           0x000000000800013c     0x1d34
                0x000000000800013c                . = ALIGN (0x4)
 *(.text)
 .text          0x000000000800013c       0x40 c:/st/stm32cubeide_1.0.1/stm32cubeide/plugins/com.st.stm32cube.ide.mcu.externaltools.gnu-tools-for-stm32.7-2018-q2-update.win32_1.0.0.201904181610/tools/bin/../lib/gcc/arm-none-eabi/7.3.1/thumb/v7-m/crtbegin.o
 *(.text*)
 .text.HAL_Init
                0x000000000800017c       0x30 Drivers/STM32L1xx_HAL_Driver/Src/stm32l1xx_hal.o
                0x000000000800017c                HAL_Init
 .text.HAL_InitTick
                0x00000000080001ac       0x74 Drivers/STM32L1xx_HAL_Driver/Src/stm32l1xx_hal.o
                0x00000000080001ac                HAL_InitTick
 .text.HAL_IncTick
                0x0000000008000220       0x24 Drivers/STM32L1xx_HAL_Driver/Src/stm32l1xx_hal.o
                0x0000000008000220                HAL_IncTick
 .text.HAL_GetTick
                0x0000000008000244       0x14 Drivers/STM32L1xx_HAL_Driver/Src/stm32l1xx_hal.o
                0x0000000008000244                HAL_GetTick
 .text.HAL_Delay
                0x0000000008000258       0x44 Drivers/STM32L1xx_HAL_Driver/Src/stm32l1xx_hal.o
                0x0000000008000258                HAL_Delay
 .text.HAL_ADC_Init
                0x000000000800029c      0x28c Drivers/STM32L1xx_HAL_Driver/Src/stm32l1xx_hal_adc.o
                0x000000000800029c                HAL_ADC_Init
 .text.HAL_ADC_Start
                0x0000000008000528       0xc0 Drivers/STM32L1xx_HAL_Driver/Src/stm32l1xx_hal_adc.o
                0x0000000008000528                HAL_ADC_Start
 .text.HAL_ADC_PollForConversion
                0x00000000080005e8      0x112 Drivers/STM32L1xx_HAL_Driver/Src/stm32l1xx_hal_adc.o
                0x00000000080005e8                HAL_ADC_PollForConversion
 .text.HAL_ADC_GetValue
                0x00000000080006fa       0x18 Drivers/STM32L1xx_HAL_Driver/Src/stm32l1xx_hal_adc.o
                0x00000000080006fa                HAL_ADC_GetValue
 *fill*         0x0000000008000712        0x2 
 .text.HAL_ADC_ConfigChannel
                0x0000000008000714      0x2a0 Drivers/STM32L1xx_HAL_Driver/Src/stm32l1xx_hal_adc.o
                0x0000000008000714                HAL_ADC_ConfigChannel
 .text.ADC_Enable
                0x00000000080009b4       0xac Drivers/STM32L1xx_HAL_Driver/Src/stm32l1xx_hal_adc.o
                0x00000000080009b4                ADC_Enable
 .text.__NVIC_SetPriorityGrouping
                0x0000000008000a60       0x48 Drivers/STM32L1xx_HAL_Driver/Src/stm32l1xx_hal_cortex.o
 .text.__NVIC_GetPriorityGrouping
                0x0000000008000aa8       0x1c Drivers/STM32L1xx_HAL_Driver/Src/stm32l1xx_hal_cortex.o
 .text.__NVIC_SetPriority
                0x0000000008000ac4       0x54 Drivers/STM32L1xx_HAL_Driver/Src/stm32l1xx_hal_cortex.o
 .text.NVIC_EncodePriority
                0x0000000008000b18       0x64 Drivers/STM32L1xx_HAL_Driver/Src/stm32l1xx_hal_cortex.o
 .text.SysTick_Config
                0x0000000008000b7c       0x44 Drivers/STM32L1xx_HAL_Driver/Src/stm32l1xx_hal_cortex.o
 .text.HAL_NVIC_SetPriorityGrouping
                0x0000000008000bc0       0x16 Drivers/STM32L1xx_HAL_Driver/Src/stm32l1xx_hal_cortex.o
                0x0000000008000bc0                HAL_NVIC_SetPriorityGrouping
 .text.HAL_NVIC_SetPriority
                0x0000000008000bd6       0x38 Drivers/STM32L1xx_HAL_Driver/Src/stm32l1xx_hal_cortex.o
                0x0000000008000bd6                HAL_NVIC_SetPriority
 .text.HAL_SYSTICK_Config
                0x0000000008000c0e       0x18 Drivers/STM32L1xx_HAL_Driver/Src/stm32l1xx_hal_cortex.o
                0x0000000008000c0e                HAL_SYSTICK_Config
 *fill*         0x0000000008000c26        0x2 
 .text.HAL_GPIO_Init
                0x0000000008000c28      0x2fc Drivers/STM32L1xx_HAL_Driver/Src/stm32l1xx_hal_gpio.o
                0x0000000008000c28                HAL_GPIO_Init
 .text.HAL_GPIO_WritePin
                0x0000000008000f24       0x30 Drivers/STM32L1xx_HAL_Driver/Src/stm32l1xx_hal_gpio.o
                0x0000000008000f24                HAL_GPIO_WritePin
 .text.HAL_RCC_OscConfig
                0x0000000008000f54      0x660 Drivers/STM32L1xx_HAL_Driver/Src/stm32l1xx_hal_rcc.o
                0x0000000008000f54                HAL_RCC_OscConfig
 .text.HAL_RCC_ClockConfig
                0x00000000080015b4      0x268 Drivers/STM32L1xx_HAL_Driver/Src/stm32l1xx_hal_rcc.o
                0x00000000080015b4                HAL_RCC_ClockConfig
 .text.HAL_RCC_GetSysClockFreq
                0x000000000800181c       0xb0 Drivers/STM32L1xx_HAL_Driver/Src/stm32l1xx_hal_rcc.o
                0x000000000800181c                HAL_RCC_GetSysClockFreq
 .text.RCC_SetFlashLatencyFromMSIRange
                0x00000000080018cc       0xc0 Drivers/STM32L1xx_HAL_Driver/Src/stm32l1xx_hal_rcc.o
 .text.main     0x000000000800198c       0x90 Src/main.o
                0x000000000800198c                main
 .text.SystemClock_Config
                0x0000000008001a1c       0x98 Src/main.o
                0x0000000008001a1c                SystemClock_Config
 .text.MX_ADC_Init
                0x0000000008001ab4       0xb0 Src/main.o
 .text.MX_GPIO_Init
                0x0000000008001b64       0xac Src/main.o
 .text.Error_Handler
                0x0000000008001c10        0xc Src/main.o
                0x0000000008001c10                Error_Handler
 .text.HAL_MspInit
                0x0000000008001c1c       0x5c Src/stm32l1xx_hal_msp.o
                0x0000000008001c1c                HAL_MspInit
 .text.HAL_ADC_MspInit
                0x0000000008001c78       0x80 Src/stm32l1xx_hal_msp.o
                0x0000000008001c78                HAL_ADC_MspInit
 .text.NMI_Handler
                0x0000000008001cf8        0xc Src/stm32l1xx_it.o
                0x0000000008001cf8                NMI_Handler
 .text.HardFault_Handler
                0x0000000008001d04        0x6 Src/stm32l1xx_it.o
                0x0000000008001d04                HardFault_Handler
 .text.MemManage_Handler
                0x0000000008001d0a        0x6 Src/stm32l1xx_it.o
                0x0000000008001d0a                MemManage_Handler
 .text.BusFault_Handler
                0x0000000008001d10        0x6 Src/stm32l1xx_it.o
                0x0000000008001d10                BusFault_Handler
 .text.UsageFault_Handler
                0x0000000008001d16        0x6 Src/stm32l1xx_it.o
                0x0000000008001d16                UsageFault_Handler
 .text.SVC_Handler
                0x0000000008001d1c        0xc Src/stm32l1xx_it.o
                0x0000000008001d1c                SVC_Handler
 .text.DebugMon_Handler
                0x0000000008001d28        0xc Src/stm32l1xx_it.o
                0x0000000008001d28                DebugMon_Handler
 .text.PendSV_Handler
                0x0000000008001d34        0xc Src/stm32l1xx_it.o
                0x0000000008001d34                PendSV_Handler
 .text.SysTick_Handler
                0x0000000008001d40        0xc Src/stm32l1xx_it.o
                0x0000000008001d40                SysTick_Handler
 .text.SystemInit
                0x0000000008001d4c       0x68 Src/system_stm32l1xx.o
                0x0000000008001d4c                SystemInit
 .text.Reset_Handler
                0x0000000008001db4       0x48 Startup/startup_stm32l151c8ux.o
                0x0000000008001db4                Reset_Handler
 .text.Default_Handler
                0x0000000008001dfc        0x2 Startup/startup_stm32l151c8ux.o
                0x0000000008001dfc                RTC_Alarm_IRQHandler
                0x0000000008001dfc                EXTI2_IRQHandler
                0x0000000008001dfc                TIM10_IRQHandler
                0x0000000008001dfc                USB_HP_IRQHandler
                0x0000000008001dfc                TIM6_IRQHandler
                0x0000000008001dfc                PVD_IRQHandler
                0x0000000008001dfc                EXTI3_IRQHandler
                0x0000000008001dfc                EXTI0_IRQHandler
                0x0000000008001dfc                I2C2_EV_IRQHandler
                0x0000000008001dfc                SPI1_IRQHandler
                0x0000000008001dfc                USB_FS_WKUP_IRQHandler
                0x0000000008001dfc                DMA1_Channel4_IRQHandler
                0x0000000008001dfc                ADC1_IRQHandler
                0x0000000008001dfc                USART3_IRQHandler
                0x0000000008001dfc                DMA1_Channel7_IRQHandler
                0x0000000008001dfc                TIM4_IRQHandler
                0x0000000008001dfc                I2C1_EV_IRQHandler
                0x0000000008001dfc                DMA1_Channel6_IRQHandler
                0x0000000008001dfc                TIM3_IRQHandler
                0x0000000008001dfc                RCC_IRQHandler
                0x0000000008001dfc                DMA1_Channel1_IRQHandler
                0x0000000008001dfc                Default_Handler
                0x0000000008001dfc                EXTI15_10_IRQHandler
                0x0000000008001dfc                TIM7_IRQHandler
                0x0000000008001dfc                EXTI9_5_IRQHandler
                0x0000000008001dfc                TIM9_IRQHandler
                0x0000000008001dfc                TAMPER_STAMP_IRQHandler
                0x0000000008001dfc                RTC_WKUP_IRQHandler
                0x0000000008001dfc                SPI2_IRQHandler
                0x0000000008001dfc                DMA1_Channel5_IRQHandler
                0x0000000008001dfc                USB_LP_IRQHandler
                0x0000000008001dfc                EXTI4_IRQHandler
                0x0000000008001dfc                DMA1_Channel3_IRQHandler
                0x0000000008001dfc                COMP_IRQHandler
                0x0000000008001dfc                WWDG_IRQHandler
                0x0000000008001dfc                TIM2_IRQHandler
                0x0000000008001dfc                DAC_IRQHandler
                0x0000000008001dfc                EXTI1_IRQHandler
                0x0000000008001dfc                TIM11_IRQHandler
                0x0000000008001dfc                USART2_IRQHandler
                0x0000000008001dfc                I2C2_ER_IRQHandler
                0x0000000008001dfc                DMA1_Channel2_IRQHandler
                0x0000000008001dfc                FLASH_IRQHandler
                0x0000000008001dfc                USART1_IRQHandler
                0x0000000008001dfc                I2C1_ER_IRQHandler
 *fill*         0x0000000008001dfe        0x2 
 .text.__libc_init_array
                0x0000000008001e00       0x48 c:/st/stm32cubeide_1.0.1/stm32cubeide/plugins/com.st.stm32cube.ide.mcu.externaltools.gnu-tools-for-stm32.7-2018-q2-update.win32_1.0.0.201904181610/tools/bin/../lib/gcc/arm-none-eabi/7.3.1/../../../../arm-none-eabi/lib/thumb/v7-m\libc_nano.a(lib_a-init.o)
                0x0000000008001e00                __libc_init_array
 .text.memset   0x0000000008001e48       0x10 c:/st/stm32cubeide_1.0.1/stm32cubeide/plugins/com.st.stm32cube.ide.mcu.externaltools.gnu-tools-for-stm32.7-2018-q2-update.win32_1.0.0.201904181610/tools/bin/../lib/gcc/arm-none-eabi/7.3.1/../../../../arm-none-eabi/lib/thumb/v7-m\libc_nano.a(lib_a-memset.o)
                0x0000000008001e48                memset
 *(.glue_7)
 .glue_7        0x0000000008001e58        0x0 linker stubs
 *(.glue_7t)
 .glue_7t       0x0000000008001e58        0x0 linker stubs
 *(.eh_frame)
 .eh_frame      0x0000000008001e58        0x0 c:/st/stm32cubeide_1.0.1/stm32cubeide/plugins/com.st.stm32cube.ide.mcu.externaltools.gnu-tools-for-stm32.7-2018-q2-update.win32_1.0.0.201904181610/tools/bin/../lib/gcc/arm-none-eabi/7.3.1/thumb/v7-m/crtbegin.o
 *(.init)
 .init          0x0000000008001e58        0x4 c:/st/stm32cubeide_1.0.1/stm32cubeide/plugins/com.st.stm32cube.ide.mcu.externaltools.gnu-tools-for-stm32.7-2018-q2-update.win32_1.0.0.201904181610/tools/bin/../lib/gcc/arm-none-eabi/7.3.1/thumb/v7-m/crti.o
                0x0000000008001e58                _init
 .init          0x0000000008001e5c        0x8 c:/st/stm32cubeide_1.0.1/stm32cubeide/plugins/com.st.stm32cube.ide.mcu.externaltools.gnu-tools-for-stm32.7-2018-q2-update.win32_1.0.0.201904181610/tools/bin/../lib/gcc/arm-none-eabi/7.3.1/thumb/v7-m/crtn.o
 *(.fini)
 .fini          0x0000000008001e64        0x4 c:/st/stm32cubeide_1.0.1/stm32cubeide/plugins/com.st.stm32cube.ide.mcu.externaltools.gnu-tools-for-stm32.7-2018-q2-update.win32_1.0.0.201904181610/tools/bin/../lib/gcc/arm-none-eabi/7.3.1/thumb/v7-m/crti.o
                0x0000000008001e64                _fini
 .fini          0x0000000008001e68        0x8 c:/st/stm32cubeide_1.0.1/stm32cubeide/plugins/com.st.stm32cube.ide.mcu.externaltools.gnu-tools-for-stm32.7-2018-q2-update.win32_1.0.0.201904181610/tools/bin/../lib/gcc/arm-none-eabi/7.3.1/thumb/v7-m/crtn.o
                0x0000000008001e70                . = ALIGN (0x4)
                0x0000000008001e70                _etext = .

.vfp11_veneer   0x0000000008001e70        0x0
 .vfp11_veneer  0x0000000008001e70        0x0 linker stubs

.v4_bx          0x0000000008001e70        0x0
 .v4_bx         0x0000000008001e70        0x0 linker stubs

.iplt           0x0000000008001e70        0x0
 .iplt          0x0000000008001e70        0x0 c:/st/stm32cubeide_1.0.1/stm32cubeide/plugins/com.st.stm32cube.ide.mcu.externaltools.gnu-tools-for-stm32.7-2018-q2-update.win32_1.0.0.201904181610/tools/bin/../lib/gcc/arm-none-eabi/7.3.1/thumb/v7-m/crtbegin.o

.rodata         0x0000000008001e70       0x1c
                0x0000000008001e70                . = ALIGN (0x4)
 *(.rodata)
 *(.rodata*)
 .rodata.PLLMulTable
                0x0000000008001e70        0x9 Src/system_stm32l1xx.o
                0x0000000008001e70                PLLMulTable
 *fill*         0x0000000008001e79        0x3 
 .rodata.AHBPrescTable
                0x0000000008001e7c       0x10 Src/system_stm32l1xx.o
                0x0000000008001e7c                AHBPrescTable
                0x0000000008001e8c                . = ALIGN (0x4)

.rel.dyn        0x0000000008001e8c        0x0
 .rel.iplt      0x0000000008001e8c        0x0 c:/st/stm32cubeide_1.0.1/stm32cubeide/plugins/com.st.stm32cube.ide.mcu.externaltools.gnu-tools-for-stm32.7-2018-q2-update.win32_1.0.0.201904181610/tools/bin/../lib/gcc/arm-none-eabi/7.3.1/thumb/v7-m/crtbegin.o

.ARM.extab      0x0000000008001e8c        0x0
                0x0000000008001e8c                . = ALIGN (0x4)
 *(.ARM.extab* .gnu.linkonce.armextab.*)
                0x0000000008001e8c                . = ALIGN (0x4)

.ARM            0x0000000008001e8c        0x0
                0x0000000008001e8c                . = ALIGN (0x4)
                0x0000000008001e8c                __exidx_start = .
 *(.ARM.exidx*)
                0x0000000008001e8c                __exidx_end = .
                0x0000000008001e8c                . = ALIGN (0x4)

.preinit_array  0x0000000008001e8c        0x0
                0x0000000008001e8c                . = ALIGN (0x4)
                0x0000000008001e8c                PROVIDE (__preinit_array_start = .)
 *(.preinit_array*)
                0x0000000008001e8c                PROVIDE (__preinit_array_end = .)
                0x0000000008001e8c                . = ALIGN (0x4)

.init_array     0x0000000008001e8c        0x4
                0x0000000008001e8c                . = ALIGN (0x4)
                0x0000000008001e8c                PROVIDE (__init_array_start = .)
 *(SORT_BY_NAME(.init_array.*))
 *(.init_array*)
 .init_array    0x0000000008001e8c        0x4 c:/st/stm32cubeide_1.0.1/stm32cubeide/plugins/com.st.stm32cube.ide.mcu.externaltools.gnu-tools-for-stm32.7-2018-q2-update.win32_1.0.0.201904181610/tools/bin/../lib/gcc/arm-none-eabi/7.3.1/thumb/v7-m/crtbegin.o
                0x0000000008001e90                PROVIDE (__init_array_end = .)
                0x0000000008001e90                . = ALIGN (0x4)

.fini_array     0x0000000008001e90        0x4
                0x0000000008001e90                . = ALIGN (0x4)
                [!provide]                        PROVIDE (__fini_array_start = .)
 *(SORT_BY_NAME(.fini_array.*))
 *(.fini_array*)
 .fini_array    0x0000000008001e90        0x4 c:/st/stm32cubeide_1.0.1/stm32cubeide/plugins/com.st.stm32cube.ide.mcu.externaltools.gnu-tools-for-stm32.7-2018-q2-update.win32_1.0.0.201904181610/tools/bin/../lib/gcc/arm-none-eabi/7.3.1/thumb/v7-m/crtbegin.o
                [!provide]                        PROVIDE (__fini_array_end = .)
                0x0000000008001e94                . = ALIGN (0x4)
                0x0000000008001e94                _sidata = LOADADDR (.data)

.data           0x0000000020000000        0xc load address 0x0000000008001e94
                0x0000000020000000                . = ALIGN (0x4)
                0x0000000020000000                _sdata = .
 *(.data)
 *(.data*)
 .data.uwTickPrio
                0x0000000020000000        0x4 Drivers/STM32L1xx_HAL_Driver/Src/stm32l1xx_hal.o
                0x0000000020000000                uwTickPrio
 .data.uwTickFreq
                0x0000000020000004        0x4 Drivers/STM32L1xx_HAL_Driver/Src/stm32l1xx_hal.o
                0x0000000020000004                uwTickFreq
 .data.SystemCoreClock
                0x0000000020000008        0x4 Src/system_stm32l1xx.o
                0x0000000020000008                SystemCoreClock
                0x000000002000000c                . = ALIGN (0x4)
                0x000000002000000c                _edata = .

.igot.plt       0x000000002000000c        0x0 load address 0x0000000008001ea0
 .igot.plt      0x000000002000000c        0x0 c:/st/stm32cubeide_1.0.1/stm32cubeide/plugins/com.st.stm32cube.ide.mcu.externaltools.gnu-tools-for-stm32.7-2018-q2-update.win32_1.0.0.201904181610/tools/bin/../lib/gcc/arm-none-eabi/7.3.1/thumb/v7-m/crtbegin.o
                0x000000002000000c                . = ALIGN (0x4)

.bss            0x000000002000000c       0x78 load address 0x0000000008001ea0
                0x000000002000000c                _sbss = .
                0x000000002000000c                __bss_start__ = _sbss
 *(.bss)
 .bss           0x000000002000000c       0x1c c:/st/stm32cubeide_1.0.1/stm32cubeide/plugins/com.st.stm32cube.ide.mcu.externaltools.gnu-tools-for-stm32.7-2018-q2-update.win32_1.0.0.201904181610/tools/bin/../lib/gcc/arm-none-eabi/7.3.1/thumb/v7-m/crtbegin.o
 *(.bss*)
 *(COMMON)
 COMMON         0x0000000020000028        0x4 Drivers/STM32L1xx_HAL_Driver/Src/stm32l1xx_hal.o
                0x0000000020000028                uwTick
 COMMON         0x000000002000002c       0x58 Src/main.o
                0x000000002000002c                adcValue
                0x0000000020000030                hadc
                0x0000000020000084                . = ALIGN (0x4)
                0x0000000020000084                _ebss = .
                0x0000000020000084                __bss_end__ = _ebss

._user_heap_stack
                0x0000000020000084      0x604 load address 0x0000000008001ea0
                0x0000000020000088                . = ALIGN (0x8)
 *fill*         0x0000000020000084        0x4 
                0x0000000020000088                PROVIDE (end = .)
                [!provide]                        PROVIDE (_end = .)
                0x0000000020000288                . = (. + _Min_Heap_Size)
 *fill*         0x0000000020000088      0x200 
                0x0000000020000688                . = (. + _Min_Stack_Size)
 *fill*         0x0000000020000288      0x400 
                0x0000000020000688                . = ALIGN (0x8)

/DISCARD/
 libc.a(*)
 libm.a(*)
 libgcc.a(*)

.ARM.attributes
                0x0000000000000000       0x29
 *(.ARM.attributes)
 .ARM.attributes
                0x0000000000000000       0x1d c:/st/stm32cubeide_1.0.1/stm32cubeide/plugins/com.st.stm32cube.ide.mcu.externaltools.gnu-tools-for-stm32.7-2018-q2-update.win32_1.0.0.201904181610/tools/bin/../lib/gcc/arm-none-eabi/7.3.1/thumb/v7-m/crti.o
 .ARM.attributes
                0x000000000000001d       0x2d c:/st/stm32cubeide_1.0.1/stm32cubeide/plugins/com.st.stm32cube.ide.mcu.externaltools.gnu-tools-for-stm32.7-2018-q2-update.win32_1.0.0.201904181610/tools/bin/../lib/gcc/arm-none-eabi/7.3.1/thumb/v7-m/crtbegin.o
 .ARM.attributes
                0x000000000000004a       0x33 Drivers/STM32L1xx_HAL_Driver/Src/stm32l1xx_hal.o
 .ARM.attributes
                0x000000000000007d       0x33 Drivers/STM32L1xx_HAL_Driver/Src/stm32l1xx_hal_adc.o
 .ARM.attributes
                0x00000000000000b0       0x33 Drivers/STM32L1xx_HAL_Driver/Src/stm32l1xx_hal_cortex.o
 .ARM.attributes
                0x00000000000000e3       0x33 Drivers/STM32L1xx_HAL_Driver/Src/stm32l1xx_hal_gpio.o
 .ARM.attributes
                0x0000000000000116       0x33 Drivers/STM32L1xx_HAL_Driver/Src/stm32l1xx_hal_rcc.o
 .ARM.attributes
                0x0000000000000149       0x33 Src/main.o
 .ARM.attributes
                0x000000000000017c       0x33 Src/stm32l1xx_hal_msp.o
 .ARM.attributes
                0x00000000000001af       0x33 Src/stm32l1xx_it.o
 .ARM.attributes
                0x00000000000001e2       0x33 Src/system_stm32l1xx.o
 .ARM.attributes
                0x0000000000000215       0x21 Startup/startup_stm32l151c8ux.o
 .ARM.attributes
                0x0000000000000236       0x2d c:/st/stm32cubeide_1.0.1/stm32cubeide/plugins/com.st.stm32cube.ide.mcu.externaltools.gnu-tools-for-stm32.7-2018-q2-update.win32_1.0.0.201904181610/tools/bin/../lib/gcc/arm-none-eabi/7.3.1/../../../../arm-none-eabi/lib/thumb/v7-m\libc_nano.a(lib_a-init.o)
 .ARM.attributes
                0x0000000000000263       0x2d c:/st/stm32cubeide_1.0.1/stm32cubeide/plugins/com.st.stm32cube.ide.mcu.externaltools.gnu-tools-for-stm32.7-2018-q2-update.win32_1.0.0.201904181610/tools/bin/../lib/gcc/arm-none-eabi/7.3.1/../../../../arm-none-eabi/lib/thumb/v7-m\libc_nano.a(lib_a-memset.o)
 .ARM.attributes
                0x0000000000000290       0x1d c:/st/stm32cubeide_1.0.1/stm32cubeide/plugins/com.st.stm32cube.ide.mcu.externaltools.gnu-tools-for-stm32.7-2018-q2-update.win32_1.0.0.201904181610/tools/bin/../lib/gcc/arm-none-eabi/7.3.1/thumb/v7-m/crtn.o
OUTPUT(EARS.elf elf32-littlearm)

.debug_info     0x0000000000000000     0x4c75
 .debug_info    0x0000000000000000      0x6da Drivers/STM32L1xx_HAL_Driver/Src/stm32l1xx_hal.o
 .debug_info    0x00000000000006da      0xebf Drivers/STM32L1xx_HAL_Driver/Src/stm32l1xx_hal_adc.o
 .debug_info    0x0000000000001599      0xd42 Drivers/STM32L1xx_HAL_Driver/Src/stm32l1xx_hal_cortex.o
 .debug_info    0x00000000000022db      0x690 Drivers/STM32L1xx_HAL_Driver/Src/stm32l1xx_hal_gpio.o
 .debug_info    0x000000000000296b      0x8e8 Drivers/STM32L1xx_HAL_Driver/Src/stm32l1xx_hal_rcc.o
 .debug_info    0x0000000000003253      0xad3 Src/main.o
 .debug_info    0x0000000000003d26      0x8be Src/stm32l1xx_hal_msp.o
 .debug_info    0x00000000000045e4      0x1fc Src/stm32l1xx_it.o
 .debug_info    0x00000000000047e0      0x473 Src/system_stm32l1xx.o
 .debug_info    0x0000000000004c53       0x22 Startup/startup_stm32l151c8ux.o

.debug_abbrev   0x0000000000000000     0x1091
 .debug_abbrev  0x0000000000000000      0x21b Drivers/STM32L1xx_HAL_Driver/Src/stm32l1xx_hal.o
 .debug_abbrev  0x000000000000021b      0x244 Drivers/STM32L1xx_HAL_Driver/Src/stm32l1xx_hal_adc.o
 .debug_abbrev  0x000000000000045f      0x2fa Drivers/STM32L1xx_HAL_Driver/Src/stm32l1xx_hal_cortex.o
 .debug_abbrev  0x0000000000000759      0x1c9 Drivers/STM32L1xx_HAL_Driver/Src/stm32l1xx_hal_gpio.o
 .debug_abbrev  0x0000000000000922      0x254 Drivers/STM32L1xx_HAL_Driver/Src/stm32l1xx_hal_rcc.o
 .debug_abbrev  0x0000000000000b76      0x1c0 Src/main.o
 .debug_abbrev  0x0000000000000d36      0x18c Src/stm32l1xx_hal_msp.o
 .debug_abbrev  0x0000000000000ec2       0xac Src/stm32l1xx_it.o
 .debug_abbrev  0x0000000000000f6e      0x111 Src/system_stm32l1xx.o
 .debug_abbrev  0x000000000000107f       0x12 Startup/startup_stm32l151c8ux.o

.debug_aranges  0x0000000000000000      0x4f0
 .debug_aranges
                0x0000000000000000       0xe0 Drivers/STM32L1xx_HAL_Driver/Src/stm32l1xx_hal.o
 .debug_aranges
                0x00000000000000e0       0xf0 Drivers/STM32L1xx_HAL_Driver/Src/stm32l1xx_hal_adc.o
 .debug_aranges
                0x00000000000001d0      0x118 Drivers/STM32L1xx_HAL_Driver/Src/stm32l1xx_hal_cortex.o
 .debug_aranges
                0x00000000000002e8       0x58 Drivers/STM32L1xx_HAL_Driver/Src/stm32l1xx_hal_gpio.o
 .debug_aranges
                0x0000000000000340       0x90 Drivers/STM32L1xx_HAL_Driver/Src/stm32l1xx_hal_rcc.o
 .debug_aranges
                0x00000000000003d0       0x40 Src/main.o
 .debug_aranges
                0x0000000000000410       0x30 Src/stm32l1xx_hal_msp.o
 .debug_aranges
                0x0000000000000440       0x60 Src/stm32l1xx_it.o
 .debug_aranges
                0x00000000000004a0       0x28 Src/system_stm32l1xx.o
 .debug_aranges
                0x00000000000004c8       0x28 Startup/startup_stm32l151c8ux.o

.debug_ranges   0x0000000000000000      0x458
 .debug_ranges  0x0000000000000000       0xd0 Drivers/STM32L1xx_HAL_Driver/Src/stm32l1xx_hal.o
 .debug_ranges  0x00000000000000d0       0xe0 Drivers/STM32L1xx_HAL_Driver/Src/stm32l1xx_hal_adc.o
 .debug_ranges  0x00000000000001b0      0x108 Drivers/STM32L1xx_HAL_Driver/Src/stm32l1xx_hal_cortex.o
 .debug_ranges  0x00000000000002b8       0x48 Drivers/STM32L1xx_HAL_Driver/Src/stm32l1xx_hal_gpio.o
 .debug_ranges  0x0000000000000300       0x80 Drivers/STM32L1xx_HAL_Driver/Src/stm32l1xx_hal_rcc.o
 .debug_ranges  0x0000000000000380       0x30 Src/main.o
 .debug_ranges  0x00000000000003b0       0x20 Src/stm32l1xx_hal_msp.o
 .debug_ranges  0x00000000000003d0       0x50 Src/stm32l1xx_it.o
 .debug_ranges  0x0000000000000420       0x18 Src/system_stm32l1xx.o
 .debug_ranges  0x0000000000000438       0x20 Startup/startup_stm32l151c8ux.o

.debug_macro    0x0000000000000000    0x12f0e
 .debug_macro   0x0000000000000000      0x1bf Drivers/STM32L1xx_HAL_Driver/Src/stm32l1xx_hal.o
 .debug_macro   0x00000000000001bf      0xa5a Drivers/STM32L1xx_HAL_Driver/Src/stm32l1xx_hal.o
 .debug_macro   0x0000000000000c19      0x106 Drivers/STM32L1xx_HAL_Driver/Src/stm32l1xx_hal.o
 .debug_macro   0x0000000000000d1f       0x2e Drivers/STM32L1xx_HAL_Driver/Src/stm32l1xx_hal.o
 .debug_macro   0x0000000000000d4d       0x22 Drivers/STM32L1xx_HAL_Driver/Src/stm32l1xx_hal.o
 .debug_macro   0x0000000000000d6f       0x22 Drivers/STM32L1xx_HAL_Driver/Src/stm32l1xx_hal.o
 .debug_macro   0x0000000000000d91       0x8e Drivers/STM32L1xx_HAL_Driver/Src/stm32l1xx_hal.o
 .debug_macro   0x0000000000000e1f       0x51 Drivers/STM32L1xx_HAL_Driver/Src/stm32l1xx_hal.o
 .debug_macro   0x0000000000000e70       0xef Drivers/STM32L1xx_HAL_Driver/Src/stm32l1xx_hal.o
 .debug_macro   0x0000000000000f5f       0x6a Drivers/STM32L1xx_HAL_Driver/Src/stm32l1xx_hal.o
 .debug_macro   0x0000000000000fc9      0x1df Drivers/STM32L1xx_HAL_Driver/Src/stm32l1xx_hal.o
 .debug_macro   0x00000000000011a8       0x1c Drivers/STM32L1xx_HAL_Driver/Src/stm32l1xx_hal.o
 .debug_macro   0x00000000000011c4       0x22 Drivers/STM32L1xx_HAL_Driver/Src/stm32l1xx_hal.o
 .debug_macro   0x00000000000011e6       0xc3 Drivers/STM32L1xx_HAL_Driver/Src/stm32l1xx_hal.o
 .debug_macro   0x00000000000012a9      0xe49 Drivers/STM32L1xx_HAL_Driver/Src/stm32l1xx_hal.o
 .debug_macro   0x00000000000020f2      0x11f Drivers/STM32L1xx_HAL_Driver/Src/stm32l1xx_hal.o
 .debug_macro   0x0000000000002211     0xa350 Drivers/STM32L1xx_HAL_Driver/Src/stm32l1xx_hal.o
 .debug_macro   0x000000000000c561       0x43 Drivers/STM32L1xx_HAL_Driver/Src/stm32l1xx_hal.o
 .debug_macro   0x000000000000c5a4     0x3468 Drivers/STM32L1xx_HAL_Driver/Src/stm32l1xx_hal.o
 .debug_macro   0x000000000000fa0c      0x174 Drivers/STM32L1xx_HAL_Driver/Src/stm32l1xx_hal.o
 .debug_macro   0x000000000000fb80       0x5b Drivers/STM32L1xx_HAL_Driver/Src/stm32l1xx_hal.o
 .debug_macro   0x000000000000fbdb      0xe38 Drivers/STM32L1xx_HAL_Driver/Src/stm32l1xx_hal.o
 .debug_macro   0x0000000000010a13       0x5c Drivers/STM32L1xx_HAL_Driver/Src/stm32l1xx_hal.o
 .debug_macro   0x0000000000010a6f      0x13b Drivers/STM32L1xx_HAL_Driver/Src/stm32l1xx_hal.o
 .debug_macro   0x0000000000010baa       0xa7 Drivers/STM32L1xx_HAL_Driver/Src/stm32l1xx_hal.o
 .debug_macro   0x0000000000010c51      0x21e Drivers/STM32L1xx_HAL_Driver/Src/stm32l1xx_hal.o
 .debug_macro   0x0000000000010e6f      0x236 Drivers/STM32L1xx_HAL_Driver/Src/stm32l1xx_hal.o
 .debug_macro   0x00000000000110a5      0x631 Drivers/STM32L1xx_HAL_Driver/Src/stm32l1xx_hal.o
 .debug_macro   0x00000000000116d6      0x15e Drivers/STM32L1xx_HAL_Driver/Src/stm32l1xx_hal.o
 .debug_macro   0x0000000000011834      0x107 Drivers/STM32L1xx_HAL_Driver/Src/stm32l1xx_hal.o
 .debug_macro   0x000000000001193b      0x281 Drivers/STM32L1xx_HAL_Driver/Src/stm32l1xx_hal.o
 .debug_macro   0x0000000000011bbc      0x1e9 Drivers/STM32L1xx_HAL_Driver/Src/stm32l1xx_hal.o
 .debug_macro   0x0000000000011da5       0x22 Drivers/STM32L1xx_HAL_Driver/Src/stm32l1xx_hal.o
 .debug_macro   0x0000000000011dc7      0x3ce Drivers/STM32L1xx_HAL_Driver/Src/stm32l1xx_hal.o
 .debug_macro   0x0000000000012195      0x1b8 Drivers/STM32L1xx_HAL_Driver/Src/stm32l1xx_hal_adc.o
 .debug_macro   0x000000000001234d      0x19b Drivers/STM32L1xx_HAL_Driver/Src/stm32l1xx_hal_cortex.o
 .debug_macro   0x00000000000124e8      0x1d3 Drivers/STM32L1xx_HAL_Driver/Src/stm32l1xx_hal_gpio.o
 .debug_macro   0x00000000000126bb      0x1ad Drivers/STM32L1xx_HAL_Driver/Src/stm32l1xx_hal_rcc.o
 .debug_macro   0x0000000000012868      0x1b1 Src/main.o
 .debug_macro   0x0000000000012a19      0x1a5 Src/stm32l1xx_hal_msp.o
 .debug_macro   0x0000000000012bbe      0x1af Src/stm32l1xx_it.o
 .debug_macro   0x0000000000012d6d      0x1a1 Src/system_stm32l1xx.o

.debug_line     0x0000000000000000     0x4a1a
 .debug_line    0x0000000000000000      0x84e Drivers/STM32L1xx_HAL_Driver/Src/stm32l1xx_hal.o
 .debug_line    0x000000000000084e      0xb0a Drivers/STM32L1xx_HAL_Driver/Src/stm32l1xx_hal_adc.o
 .debug_line    0x0000000000001358      0x999 Drivers/STM32L1xx_HAL_Driver/Src/stm32l1xx_hal_cortex.o
 .debug_line    0x0000000000001cf1      0x804 Drivers/STM32L1xx_HAL_Driver/Src/stm32l1xx_hal_gpio.o
 .debug_line    0x00000000000024f5      0x977 Drivers/STM32L1xx_HAL_Driver/Src/stm32l1xx_hal_rcc.o
 .debug_line    0x0000000000002e6c      0x6ef Src/main.o
 .debug_line    0x000000000000355b      0x69b Src/stm32l1xx_hal_msp.o
 .debug_line    0x0000000000003bf6      0x711 Src/stm32l1xx_it.o
 .debug_line    0x0000000000004307      0x694 Src/system_stm32l1xx.o
 .debug_line    0x000000000000499b       0x7f Startup/startup_stm32l151c8ux.o

.debug_str      0x0000000000000000    0x77725
 .debug_str     0x0000000000000000    0x763bf Drivers/STM32L1xx_HAL_Driver/Src/stm32l1xx_hal.o
                                      0x766ff (size before relaxing)
 .debug_str     0x00000000000763bf      0x6de Drivers/STM32L1xx_HAL_Driver/Src/stm32l1xx_hal_adc.o
                                      0x7681e (size before relaxing)
 .debug_str     0x0000000000076a9d      0x41d Drivers/STM32L1xx_HAL_Driver/Src/stm32l1xx_hal_cortex.o
                                      0x7683e (size before relaxing)
 .debug_str     0x0000000000076eba      0x293 Drivers/STM32L1xx_HAL_Driver/Src/stm32l1xx_hal_gpio.o
                                      0x76351 (size before relaxing)
 .debug_str     0x000000000007714d      0x3c9 Drivers/STM32L1xx_HAL_Driver/Src/stm32l1xx_hal_rcc.o
                                      0x76514 (size before relaxing)
 .debug_str     0x0000000000077516       0x99 Src/main.o
                                      0x766d9 (size before relaxing)
 .debug_str     0x00000000000775af       0x1b Src/stm32l1xx_hal_msp.o
                                      0x764e9 (size before relaxing)
 .debug_str     0x00000000000775ca       0xb8 Src/stm32l1xx_it.o
                                      0x760b5 (size before relaxing)
 .debug_str     0x0000000000077682       0x72 Src/system_stm32l1xx.o
                                      0x76128 (size before relaxing)
 .debug_str     0x00000000000776f4       0x31 Startup/startup_stm32l151c8ux.o
                                         0x8c (size before relaxing)

.comment        0x0000000000000000       0x7b
 .comment       0x0000000000000000       0x7b Drivers/STM32L1xx_HAL_Driver/Src/stm32l1xx_hal.o
                                         0x7c (size before relaxing)
 .comment       0x000000000000007b       0x7c Drivers/STM32L1xx_HAL_Driver/Src/stm32l1xx_hal_adc.o
 .comment       0x000000000000007b       0x7c Drivers/STM32L1xx_HAL_Driver/Src/stm32l1xx_hal_cortex.o
 .comment       0x000000000000007b       0x7c Drivers/STM32L1xx_HAL_Driver/Src/stm32l1xx_hal_gpio.o
 .comment       0x000000000000007b       0x7c Drivers/STM32L1xx_HAL_Driver/Src/stm32l1xx_hal_rcc.o
 .comment       0x000000000000007b       0x7c Src/main.o
 .comment       0x000000000000007b       0x7c Src/stm32l1xx_hal_msp.o
 .comment       0x000000000000007b       0x7c Src/stm32l1xx_it.o
 .comment       0x000000000000007b       0x7c Src/system_stm32l1xx.o

.debug_frame    0x0000000000000000     0x1230
 .debug_frame   0x0000000000000000      0x33c Drivers/STM32L1xx_HAL_Driver/Src/stm32l1xx_hal.o
 .debug_frame   0x000000000000033c      0x40c Drivers/STM32L1xx_HAL_Driver/Src/stm32l1xx_hal_adc.o
 .debug_frame   0x0000000000000748      0x498 Drivers/STM32L1xx_HAL_Driver/Src/stm32l1xx_hal_cortex.o
 .debug_frame   0x0000000000000be0      0x14c Drivers/STM32L1xx_HAL_Driver/Src/stm32l1xx_hal_gpio.o
 .debug_frame   0x0000000000000d2c      0x21c Drivers/STM32L1xx_HAL_Driver/Src/stm32l1xx_hal_rcc.o
 .debug_frame   0x0000000000000f48       0xb8 Src/main.o
 .debug_frame   0x0000000000001000       0x80 Src/stm32l1xx_hal_msp.o
 .debug_frame   0x0000000000001080      0x10c Src/stm32l1xx_it.o
 .debug_frame   0x000000000000118c       0x58 Src/system_stm32l1xx.o
 .debug_frame   0x00000000000011e4       0x2c c:/st/stm32cubeide_1.0.1/stm32cubeide/plugins/com.st.stm32cube.ide.mcu.externaltools.gnu-tools-for-stm32.7-2018-q2-update.win32_1.0.0.201904181610/tools/bin/../lib/gcc/arm-none-eabi/7.3.1/../../../../arm-none-eabi/lib/thumb/v7-m\libc_nano.a(lib_a-init.o)
 .debug_frame   0x0000000000001210       0x20 c:/st/stm32cubeide_1.0.1/stm32cubeide/plugins/com.st.stm32cube.ide.mcu.externaltools.gnu-tools-for-stm32.7-2018-q2-update.win32_1.0.0.201904181610/tools/bin/../lib/gcc/arm-none-eabi/7.3.1/../../../../arm-none-eabi/lib/thumb/v7-m\libc_nano.a(lib_a-memset.o)
